[    0.000000] Initializing cgroup subsys cpuset
[    0.000000] Initializing cgroup subsys cpu
[    0.000000] Initializing cgroup subsys cpuacct
[    0.000000] Linux version 4.4.0-133-generic (buildd@lgw01-amd64-029) (gcc version 5.4.0 20160609 (Ubuntu 5.4.0-6ubuntu1~16.04.10) ) #159-Ubuntu SMP Fri Aug 10 07:31:43 UTC 2018 (Ubuntu 4.4.0-133.159-generic 4.4.134)
[    0.000000] Command line: BOOT_IMAGE=/boot/vmlinuz-4.4.0-133-generic root=LABEL=cloudimg-rootfs ro console=tty1 console=ttyS0
[    0.000000] KERNEL supported cpus:
[    0.000000]   Intel GenuineIntel
[    0.000000]   AMD AuthenticAMD
[    0.000000]   Centaur CentaurHauls
[    0.000000] x86/fpu: xstate_offset[2]:  576, xstate_sizes[2]:  256
[    0.000000] x86/fpu: Supporting XSAVE feature 0x01: 'x87 floating point registrs'
[    0.000000] x86/fpu: Supporting XSAVE feature 0x02: 'SSE registers'
[    0.000000] x86/fpu: Supporting XSAVE feature 0x04: 'AVX registers'
[    0.000000] x86/fpu: Enabled xstate features 0x77, context size is 832 bytes, using 'standard' format.
[    0.000000] x86/fpu: Using 'eager' FPU context switches.
[    0.000000] e820: BIOS-provided physical RAM map:
[   0.000000] BIOS-e820: [mem 0x0000000000000000-0x000000000009fbff] usable
[    0.000000] BIOS-e820: [mem 0x000000000009fc00-0x000000000009ffff] reserved
[    0.000000] BIOS-e820: [mem 0x00000000000f0000-0x00000000000fffff] reserved
[    0.000000] BIOS-e820: [mem 0x0000000000100000-0x000000003ffeffff] usable
[    0.000000] BIOS-e820: [mem 0x000000003fff0000-0x000000003fffffff] ACPI data
[    0.000000] BIOS-e820: [mem 0x00000000fec00000-0x00000000fec00fff] reserved
[    0.000000] BIOS-e820: [mem 0x00000000fee00000-0x00000000fee00fff] reserved
[    0.000000] BIOS-e820: [mem 0x00000000fffc0000-0x00000000ffffffff] reserved
[    0.000000] NX (Execute Disable) protection: active
[    0.000000] SMBIOS 2.5 present.
[    0.000000] Hypervisor detected: KVM
[    0.000000] e820: last_pfn = 0x3fff0 max_arch_pfn = 0x400000000
[    0.000000] MTRR: Disabled
[    0.000000] x86/PAT: MTRRs disabled, skipping PAT initialization too.
[    0.000000] CPU MTRRs all blank - virtualized system.
[    0.000000] x86/PAT: Configuration [0-7]: WB  WT  UC- UC  WB  WT  UC- UC  
[    0.000000] found SMP MP-table at [mem 0x0009fff0-0x0009ffff] mapped at [ffff88000009fff0]
[    0.000000] Scanning 1 areas for low memory corruption
[    0.000000] RAMDISK: [mem 0x3630c000-0x3717dfff]
[    0.000000] ACPI: Early table checksum verification disabled
[    0.000000] ACPI: RSDP 0x00000000000E0000 000024 (v02 VBOX  )
[    0.000000] ACPI: XSDT 0x000000003FFF0030 00003C (v01 VBOX   VBOXXSDT 00000001 ASL  00000061)
[    0.000000] ACPI: FACP 0x000000003FFF00F0 0000F4 (v04 VBOX   VBOXFACP 00000001 ASL  00000061)
[    0.000000] ACPI: DSDT 0x000000003FFF0470 0021FF (v02 VBOX   VBOXBIOS 00000002 INTL 20100528)
[    0.000000] ACPI: FACS 0x000000003FFF0200 000040
[    0.000000] ACPI: FACS 0x000000003FFF0200 000040
[    0.000000] ACPI: APIC 0x000000003FFF0240 00005C (v02 VBOX   VBOXAPIC 00000001 ASL  00000061)
[    0.000000] ACPI: SSDT 0x000000003FFF02A0 0001CC (v01 VBOX   VBOXCPUT 00000002 INTL 20100528)
[    0.000000] No NUMA configuration found
[    0.000000] Faking a node at [mem 0x0000000000000000-0x000000003ffeffff]
[    0.000000] NODE_DATA(0) allocated [mem 0x3ffeb000-0x3ffeffff]
[    0.000000] kvm-clock: Using msrs 4b564d01 and 4b564d00
[    0.000000] kvm-clock: cpu 0, msr 0:3ffe3001, primary cpu clock
[    0.000000] kvm-clock: using sched offset of 7159472975 cycles
[    0.000000] clocksource: kvm-clock: mask: 0xffffffffffffffff max_cycles: 0x1cd42e4dffb, max_idle_ns: 881590591483 ns
[    0.000000] Zone ranges:
[    0.000000]   DMA      [mem 0x0000000000001000-0x0000000000ffffff]
[    0.000000]   DMA32    [mem 0x0000000001000000-0x000000003ffeffff]
[    0.000000]   Normal   empty
[    0.000000]   Device   empty
[    0.000000] Movable zone start for each node
[    0.000000] Early memory node ranges
[    0.000000]   node   0: [mem 0x0000000000001000-0x000000000009efff]
[    0.000000]   node   0: [mem 0x0000000000100000-0x000000003ffeffff]
[    0.000000] Initmem setup node 0 [mem 0x0000000000001000-0x000000003ffeffff]
[    0.000000] ACPI: PM-Timer IO Port: 0x4008
[    0.000000] IOAPIC[0]: apic_id 2, version 32, address 0xfec00000, GSI 0-23
[    0.000000] ACPI: INT_SRC_OVR (bus 0 bus_irq 0 global_irq 2 dfl dfl)
[    0.000000] ACPI: INT_SRC_OVR (bus 0 bus_irq 9 global_irq 9 low level)
[    0.000000] Using ACPI (MADT) for SMP configuration information
[    0.000000] smpboot: Allowing 2 CPUs, 0 hotplug CPUs
[    0.000000] PM: Registered nosave memory: [mem 0x00000000-0x00000fff]
[    0.000000] PM: Registered nosave memory: [mem 0x000f000-0x0009ffff]
[    0.000000] PM: Registered nosav memory: [mem 0x000a0000-0x000effff]
[    0.000000] PM: Registered nosave memory: [mem 0x000f0000-0x000fffff]
[    0.000000] e820: [mem 0x40000000-0xfebfffff] available for PCI devices
[    0.000000] Booting paravirtualized kernel on KVM
[    0.000000] clocksource: refined-jiffies: mask: 0xffffffff max_cycles: 0xffffffff, max_idle_ns: 7645519600211568 ns
[    0000000] setup_percpu: NR_CPUS:512 nr_cpumask_bits:512 nr_cpu_ids:2 nr_node_ids:1
[    0.000000] PERCPU: Embedded 34 pages/cpu @ffff88003fc00000 s99544 r8192 d31528 u1048576
[    0.000000] PV qspinllock hash table entries: 256 (order: 0, 4096 bytes)
[    0.000000] Built 1 zonelists in Node order, mobility grouping on.  Total pages: 257912
[    0.000000] Policy zone: DMA32
[    0.000000] Kernel command line: BOOT_MAGE=/boot/vmlinuz-4.4.0-133-generic root=LABEL=cloudimg-rootfs ro console=tty1 console=ttyS0
[    0.000000] PID hash table entries: 4096 (order: 3, 32768 bytes)
[    0.000000] Memory: 997712K/1048120K available (8550K kernel code, 1314K rwdata, 4004K rodata, 1528K init, 1316K bss, 50408K reserved,, 0K cma-reserved)
[    0.000000] SLUB: HWalign=64, Order=0-3, MinObjects=0, CPUs=2, Nodes=1
[    0.000000] Kernel/User page tables isolation: enabled
[    0.000000] Hierarchical RCU implementation.
[    0.000000] 	Build-time adjustment of leaf fanout to 64.
[    0.000000] 	RCU restricting CPUs from NR_CPUS=512 to nr_cpu_ids=2.
[    0.000000] RCU: Adjusting geometry for rcu_fanout_leaf=64, nr_cpu_ids=2
[    0.000000] NR_IRQS:33024 nr_irqs:440 16
[    0.000000] Console: colour VGA+ 80x25
[    0.000000] console [tty1] enabled
[    0.000000] console [ttyS0] enabled
[    0.000000] tsc: Detected 2394.456 MHz processor
[    0.876209] Calibrating delay loop (skiped) preset value.. 4788.91 BogoMIPS (lpj=9577824)
[    0.938189] pid_max: default: 32768 minimum: 301
[    0.941050] ACPI: Core revision 20150930
[    0.951657] ACPI: 2 ACPI AML tables successfully acquired and loaded
[    0.958186] Security Framework initialized
[    0.961255] Yama: becoming mindful.
[    0.968255] AppArmor: AppArmor initialized
[    0.974144] Dentry cache hash table entries: 131072 (order: 8, 1048576 bytes)
[    0.990153] Inode-cache hash table entries: 65536 (order: 7, 524288 bytes)
[    0.995870] Mount-cache hash table entries: 2048 (order: 2, 16384 bytes)
[    1.004476] Mountpoint-cache hash table entries: 2048 (order: 2, 16384 bytes)
[    1.009318] Initializing cgroup subsys io
[    1.012602] Initializing cgroup subsys memory
[    1.019007] Initializing cgroup subsys devices
[    1.022400] Initializing cgroup subsys freezer
[    1.025038] Initializing cgroup subsys net_cls
[    1.028001] Initializing cgroup subsys perf_event
[    1.038011] Initializing cgroup subsys net_prio
[    1.041032] Initializing cgroup subsys hugetlb
[    1.043773] Initializing cgroup subsys pids
[    1.051662] mce: CPU supports 0 MCE banks
[    1.064960] Last level iTLB entries: 4KB 64, 2MB 8, 4MB 8
[    1.070010] Last level dTLB entries: 4KB 64, 2MB 0, 4MB 0, 1GB 4
[    1.073280] Spectre V2 : Mitigation: Full generic retpoline
[    1.076323] Spectre V2 : Speculation control IBPB not-supported IBRS not-supported
[    1.085010] Speculative Store Bypass: Vulnerable
[    1.095992] Freeing SMP alternatives memory: 32K
[    1.120566] ftrace: allocating 32262 entries in 127 pages
[    1.262902] smpboot: APIC(0) Converting physical 0 to logical package 0
[    1.269571] smpboot: Max logical packages: 1
[    1.272946] x2apic enabled
[    1.275450] Switched APIC routing to physical x2apic.
[    1.282426] ..TIMER: vector=0x30 apic1=0 pin1=2 apic2=-1 pin2=-1
[    1.394084] smpboot: CPU0: Intel(R) Core(TM) i7-5500U CPU @ 2.40GHz (family: 0x6, model: 0x3d, stepping: 0x4)
[    1.401524] Performance Events: unsupported p6 CPU model 61 no PMU driver, software events only.
[    1.409752] KVM setup paravirtual spinlock
[    1.419658] x86: Booting SMP configuration:
[    1.423874] .... node  #0, CPUs:      #1
[    1.426213] kvm-clock: cpu 1, msr 0:3ffe3041, secondary cpu clock
[    1.431146] mce: CPU supports 0 MCE banks
[    1.441650] x86: Booted up 1 node, 2 CPUs
[    1.444725] smpboot: Total of 2 processors activated (9577.82 BogoMIPS)
[    1.451238] devtmpfs: initialized
[    1.473098] evm: security.selinux
[    1.475212] evm: security.SMACK64
[    1.477200] evm: security.SMACK64EXEC
[    1.479470] evm: security.SMACK64TRANSMUTE
[    1.482087] evm: security.SMACK64MMAP
[    1.488810] evm: security.ima
[    1.490863] evm: security.capability
[    1.493471] clocksource: jiffies: mask: 0xffffffff max_cycles: 0xffffffff, max_idle_ns: 7645041785100000 ns
[    1.501868] futex hash table entries: 512 (order: 3, 32768 bytes)
[    1.507633] pinctrl core: initialized pinctrl subsystem
[    1.510952] RTC time: 20:56:12, date: 06/12/19
[    1.514448] NET: Registered protocol family 16
[    1.531999] cpuidle: using governor ladder
[    1.548117] cpuidle: using governor menu
[    1.553907] PCCT header not found.
[    1.556322] ACPI: bus type PCI registered
[    1.558709] acpiphp: ACPI Hot Plug PCI Controller Driver version: 0.5
[    1.562531] PCI: Using configuration type 1 for base access
[    1.588091] ACPI: Added _OSI(Module Device)
[    1.590833] ACPI: Added _OSI(Processor Device)
[    1.593424] ACPI: Added _OSI(3.0 _SCP Extensions)
[    1.596246] ACPI: Added _OSI(Processor Aggregator Device)
[    1.606623] ACPI: Executed 1 blocks of module-level executable AML code
[    1.621627] ACPI: Interpreter enabled
[    1.624045] ACPI: (supports S0 S5)
[    1.626111] ACPI: Using IOAPIC for interrupt routing
[    1.629408] PCI: Using host bridge windows from ACPI; if necessary, use "pci=nocrs" and report a bug
[    1.651533] ACPI: PCI Root Bridge [PCI0] (domain 0000 [bus 00-ff])
[    1.659012] acpi PNP0A03:00: _OSC: OS supports [ASPM ClockPM Segments MSI]
[    1.663444] acpi PNP0A03:00: _OSC: not requesting OS control; OS requires [ExtendedConfig ASPM ClockPM MSI]
[    1.669622] acpi PNP0A03:00: fail to add MMCONFIG information, can't access extended PCI configuration space under this bridge.
[    1.702837] PCI host bridge to bus 0000:00
[    1.705204] pci_bus 0000:00: root bus resource [io  0x0000-0x0cf7 window]
[    1.709007] pci_bus 0000:00: root bus resource [io  0x0d00-0xffff window]
[    1.713121] pci_bus 0000:00: root bus resource [mem 0x000a0000-0x000bffff window]
[    1.723617] pci_bus 0000:00: root bus resource [mem 0x40000000-0xfdffffff window]
[    1.728504] pci_bus 0000:00: root bus resource [bus 00-ff]
[    1.740783] pci 0000:00:01.1: legacy IDE quirk: reg 0x10: [io  0x01f0-0x01f7]
[    1.744429] pci 0000:00:01.1: legacy IDE quirk: reg 0x14: [io  0x03f6]
[    1.748661] pci 0000:00:01.1: legacy IDE quirk: reg 0x18: [io  0x0170-0x0177]
[    1.756376] pci 0000:00:01.1: legacy IDE quirk: reg 0x1c: [io  0x0376]
[    1.806384] pci 0000:00:07.0: quirk: [io  0x4000-0x403f] claimed by PIIX4 ACPI
[    1.845743] pci 0000:00:07.0: quirk: [io  0x4100-0x410f] claimed by PIIX4 SMB
[    1.871510] ACPI: PCI Interrupt Link [LNKA] (IRQs 5 9 10 *11)
[    1.877211] ACPI: PCI Interrupt Link [LNKB] (IRQs 5 9 *10 11)
[    1.882026] ACPI: PCI Interrupt Link [LNKC] (IRQs 5 *9 10 11)
[    1.890595] ACPI: PCI Interrupt Link [LNKD] (IRQs 5 9 10 *11)
[    1.894850] ACPI: Enabled 2 GPEs in block 00 to 07
[    1.899041] vgaarb: setting as boot device: PCI:0000:00:02.0
[    1.906469] vgaarb: device added: PCI:0000:00:02.0,decodes=io+mem,owns=io+mem,locks=none
[    1.911296] vgaarb: loaded
[    1.913115] vgaarb: bridge control possible 0000:00:02.0
[    1.917023] SCSI subsystem initialized
[    1.924572] ACPI: bus type USB registered
[    1.927160] usbcore: registered new interface driver usbfs
[    1.930596] usbcore: registered new interface driver hub
[    1.937417] usbcore: registered new device driver usb
[    1.946653] PCI: Using ACPI for IRQ routing
[    1.952067] NetLabel: Initializing
[    1.956678] NetLabel:  domain hash size = 128
[    1.959303] NetLabel:  protocols = UNLABELED CIPSOv4
[    1.962017] NetLabel:  unlabeled traffic allowed by default
[    1.965877] amd_nb: Cannot enumerate AMD northbridges
[    1.973040] clocksource: Switched to clocksource kvm-clock
[    2.012162] AppArmor: AppArmor Filesystem Enabled
[    2.015316] pnp: PnP ACPI init
[    2.022669] pnp: PnP ACPI: found 3 devices
[    2.047805] clocksource: acpi_pm: mask: 0xffffff max_cycles: 0xffffff, max_idle_ns: 2085701024 ns
[    2.056871] NET: Registered protocol family 2
[    2.060571] TCP established hash table entries: 8192 (order: 4, 65536 bytes)
[    2.066396] TCP bind hash table entries: 8192 (order: 5, 131072 bytes)
[    2.074530] TCP: Hash tables configured (established 8192 bind 8192)
[    2.078701] UDP hash table entries: 512 (order: 2, 16384 bytes)
[    2.082547 UDP-Lite hash table entries: 512 (order: 2, 16384 bytes)
[    2.137528] NET: Registered protocol family 1
[    2.140298] pci 0000:00:00.0: Limiting direct PCI/PCI transfers
[    2.143796] pci 0000:00:01.0: Activating ISA DMA hang workarounds
[    2.152552] Unpacking initramfs...

[    2.989886] Freeing initrd memory: 14792K
[    2.992582] RAPL PMU detected, API unit is 2^-32 Joules, 4 fixed counters 10737418240 ms ovfl timer
[    2.997803] hw unit of domain pp0-core 2^-0 Joules
[    3.001818] hw unit of domain package 2^-0 Joules
[    3.013746] hw unit of domain dram 2^-0 Joules
[    3.016954] hw unit of domain pp1-gpu 2^-0 Joules
[    3.023935] platform rtc_cmos: registered platform RTC device (no PNP device found)
[    3.028690] Scanning for low memory corruption every 60 seconds
[    3.033411] audit: initializing netlink subsys (disabled)
[    3.042666] audit: type=2000 audit(1560372982.144:1): initialized
[    3.046716] Initialise system trusted keyring
[    3.051037] HugeTLB registered 2 MB page size, pre-allocated 0 pages
[    3.068707] zbud: loaded
[    3.074906] VFS: Disk quotas dquot_6.6.0
[    3.077558] VFS: Dquot-cache hash table entries: 512 (order 0, 4096 bytes)
[    3.082438] squashfs: version 4.0 (2009/01/31) Phillip Lougher
[    3.090699] fuse init (API version 7.23)
[    3.093885] Key type big_key registered
[    3.096458] Allocating IMA MOK and blacklist keyrings.
[    3.106816] Key type asymmetric registered
[    3.109622] Asymmetric key parser 'x509' registered
[    3.112642] Block layer SCSI generic (bsg) driver version 0.4 loaded (major 249)
[    3.121884] io scheduler noop registered
[    3.124329] io scheduler deadline registered (default)
[    3.127336] io scheduler cfq registered
[    3.130204] pci_hotplug: PCI Hot Plug PCI Core version: 0.5
[    3.134584] pciehp: PCI Express Hot Plug Controller Driver version: 0.4
[    3.141879] ACPI: AC Adapter [AC] (on-line)
[    3.144731] input: Power Button as /devices/LNXSYSTM:00/LNXPWRBN:00/input/input0
[    3.149669] ACPI: Power Button [PWRF]
[    3.155539] input: Sleep Button as /devices/LNXSYSTM:00/LNXSLPBN:00/input/input1
[    3.160174] ACPI: Sleep Button [SLPF]
[    3.163096] GHES: HEST is not enabled!
[    3.165300] ACPI: Battery Slot [BAT0] (battery present)
[    3.181427] Serial: 8250/16550 driver, 32 ports, IRQ sharing enabled
[    3.215078] 00:02: ttyS0 at I/O 0x3f8 (irq = 4, base_baud = 115200) is a 16550A
[    3.226685] Linux agpgart interface v0.103
[    3.233037] loop: module loaded
[    3.240449] scsi host0: ata_piix
[    3.243305] scsi host1: ata_piix
[    3.246885] ata1: PATA max UDMA/33 cmd 0x1f0 ctl 0x3f6 bmdma 0xd000 irq 14
[    3.260035] ata2: PATA max UDMA/33 cmd 0x170 ctl 0x376 bmdma 0xd008 irq 15
[    3.279022] libphy: Fixed MDIO Bus: probed
[    3.295889] tun: Universal TUN/TAP device driver, 1.6
[    3.299616] tun: (C) 1999-2004 Max Krasnyansky <maxk@qualcomm.com>
[    3.303643] PPP generic driver version 2.4.2
[    3.306783] ehci_hcd: USB 2.0 'Enhanced' Host Controller (EHCI) Driver
[    3.310643] ehci-pci: EHCI PCI platform driver
[    3.314047] ehci-platform: EHCI generic platform driver
[    3.317988] ohci_hcd: USB 1.1 'Open' Host Controller (OHCI) Driver
[    3.331753] ohci-pci: OHCI PCI platform driver
[    3.340744] ohci-platform: OHCI generic platform driver
[    3.346642] uhci_hcd: USB Universal Host Controller Interface driver
[    3.361370] i8042: PNP: PS/2 Controller [PNP0303:PS2K,PNP0f03:PS2M] at 0x60,0x64 irq 1,12
[    3.368210] serio: i8042 KBD port at 0x60,0x64 irq 1
[    3.376141] serio: i8042 AUX port at 0x60,0x64 irq 12
[    3.380021] mousedev: PS/2 mouse device common for all mice
[    3.393013] input: AT Translated Set 2 keyboard as /devices/platform/i8042/serio0/input/input2
[    3.406031] rtc_cmos rtc_cmos: rtc core: registered rtc_cmos as rtc0
[    3.419736] rtc_cmos rtc_cmos: alarms up to one day, 114 bytes nvram
[    3.443025] i2c /dev entries driver
[    3.448547] device-mapper: uevent: version 1.0.3
[    3.452550] device-mapper: ioctl: 4.34.0-ioctl (2015-10-28) initialised: dm-devel@redhat.com
[    3.458387] ledtrig-cpu: registered to indicate activity on CPUs
[    3.466871] NET: Registered protocol family 10
[    3.472294] NET: Registered protocol family 17
[    3.475459] Key type dns_resolver registered
[    3.483519] registered taskstats version 1
[    3.486850] Loading compiled-in X.509 certificates
[    3.492231] Loaded X.509 cert 'Build time autogenerated kernel key: 2bd7eec8ea2fedbeeda78e0b663eb647cf617c40'
[    3.509134] zswap: loaded using pool lzo/zbud
[    3.521157] Key type trusted registered
[    3.539122] Key type encrypted registered
[    3.542257] AppArmor: AppArmor sha1 policy hashing enabled
[    3.551648] ima: No TPM chip found, activating TPM-bypass!
[    3.555957] ima: Allocated hash algorithm: sha1
[    3.579827] evm: HMAC attrs: 0x1
[    3.590261]   Magic number: 7:913:952
[    3.593221] tty tty9: hash matches
[    3.603522] memory memory5: hash matches
[    3.609270] rtc_cmos rtc_cmos: setting system clock to 2019-06-12 20:56:14 UTC (1560372974)
[    3.615355] BIOS EDD facility v0.16 2004-Jun-25, 0 devices found
[    3.622230] EDD information not available.
[    3.634493] Freeing unused kernel memory: 1528K
[    3.654132] Write protecting the kernel read-only data: 14336k
[    3.658802] Freeing unused kernel memory: 1676K
[    3.662061] Freeing unused kernel memory: 92K
Loading, please wait...
starting version 229
[    3.702831] random: systemd-udevd: uninitialized urandom read (16 bytes read, 5 bits of entropy available)
[    3.707591] random: udevadm: uninitialized urandom read (16 bytes read, 5 bits of entropy available)
[    3.707641] random: udevadm: uninitialized urandom read (16 bytes read, 5 bits of entropy available)
[    3.735904] random: systemd-udevd: uninitialized urandom read (16 bytes read, 5 bits of entropy available)
[    3.746493] random: udevadm: uninitialized urandom read (16 bytes read, 5 bits of entropy available)
[    3.746624] random: udevadm: uninitialized urandom read (16 bytes read, 5 bits of entropy available)
[    3.747181] random: udevadm: uninitialized urandom read (16 bytes read, 5 bits of entropy available)
[    3.747355] random: udevadm: uninitialized urandom read (16 bytes read, 5 bits of entropy available)
[    3.747529] random: udevadm: uninitialized urandom read (16 bytes read, 5 bits of entropy available)
[    3.747692] random: udevadm: uninitialized urandom read (16 bytes read, 5 bits of entropy available)
[    3.970868] e1000: Intel(R) PRO/1000 Network Driver - version 7.3.21-k8-NAPI
[    3.979093] e1000: Copyright (c) 1999-2006 Intel Corporation.
[    4.021613] tsc: Refined TSC clocksource calibration: 2394.207 MHz
[    4.027544] clocksource: tsc: mask: 0xffffffffffffffff max_cycles: 0x2282d6f3fcc, max_idle_ns: 440795241604 ns
[    4.083306] Fusion MPT base driver 3.04.20
[    4.093644] Copyright (c) 1999-2008 LSI Corporation
[    4.156509] AVX2 version of gcm_enc/dec engaged.
[    4.159581] AES CTR mode by8 optimization enabled
[    4.206587] Fusion MPT SPI Host driver 3.04.20
[    4.359111] input: ImExPS/2 Generic Explorer Mouse as /devices/platform/i8042/serio1/input/input4
[    4.730798] e1000 0000:00:03.0 eth0: (PCI:33MHz:32-bit) 02:00:84:9a:cf:24
[    4.736730] e1000 0000:00:03.0 eth0: Intel(R) PRO/1000 Network Connection
[    4.746171] mptbase: ioc0: Initiating bringup
[    4.747647] e1000 0000:00:03.0 enp0s3: renamed from eth0
[    4.835810] ioc0: LSI53C1030 A0: Capabilities={Initiator}
[    5.008339] scsi host2: ioc0: LSI53C1030 A0, FwRev=00000000h, Ports=1, MaxQ=256, IRQ=20
[    5.156376] scsi 2:0:0:0: Direct-Access     VBOX     HARDDISK         1.0  PQ: 0 ANSI: 5
[    5.161113] scsi target2:0:0: Beginning Domain Validation
[    5.168474] scsi target2:0:0: Domain Validation skipping write tests
[    5.213525] scsi target2:0:0: Ending Domain Validation
[    5.218146] scsi target2:0:0: asynchronous
[    5.224926] scsi 2:0:1:0: Direct-Access     VBOX     HARDDISK         1.0  PQ: 0 ANSI: 5
[    5.230154] scsi target2:0:1: Beginning Domain Validation
[    5.240069] scsi target2:0:1: Domain Validation skipping write tests
[    5.243547] scsi target2:0:1: Ending Domain Validation
[    5.246626] scsi target2:0:1: asynchronous
[    5.266815] sd 2:0:0:0: [sda] 20971520 512-byte logical blocks: (10.7 GB/10.0 GiB)
[    5.276390] sd 2:0:0:0: Attached scsi generic sg0 type 0
[    5.281237] sd 2:0:1:0: Attached scsi generic sg1 type 0
[    5.286411] sd 2:0:1:0: [sdb] 20480 512-byte logical blocks: (10.5 MB/10.0 MiB)
[    5.287201] sd 2:0:0:0: [sda] Write Protect is off
[    5.288449] sd 2:0:0:0: [sda] Incomplete mode parameter data
[    5.288457] sd 2:0:0:0: [sda] Assuming drive cache: write through
[    5.312597] sd 2:0:1:0: [sdb] Write Protect is off
[    5.321208] sd 2:0:1:0: [sdb] Incomplete mode parameter data
[    5.324430] sd 2:0:1:0: [sdb] Assuming drive cache: write through
[    5.416512]  sda: sda1
[    5.424477] sd 2:0:0:0: [sda] Attached SCSI disk
[    5.434397] sd 2:0:1:0: [sdb] Attached SCSI disk
Begin: Loading essential drivers ... [    7.869270] md: linear personality registered for level -1
[    7.878612] md: multipath personality registered for level -4
[    7.891786] md: raid0 personality registered for level 0
[    7.905032] md: raid1 personality registered for level 1
[    7.993491] raid6: sse2x1   gen()  1217 MB/s
[    8.061088] raid6: sse2x1   xor()  1098 MB/s
[    8.129333] raid6: sse2x2   gen()  2723 MB/s
[    8.197588] raid6: sse2x2   xor()  2007 MB/s
[    8.265264] raid6: sse2x4   gen()  3419 MB/s
[    8.337385] raid6: sse2x4   xor()  1666 MB/s
[    8.409125] raid6: avx2x1   gen()  2678 MB/s
[    8.477085] raid6: avx2x2   gen()  3978 MB/s
[    8.549622] raid6: avx2x4   gen()  6638 MB/s
[    8.556908] raid6: using algorithm avx2x4 gen() 6638 MB/s
[    8.571707] raid6: using avx2x2 recovery algorithm
[    8.581992] xor: automatically using best checksumming function:
[    8.629561]    avx       : 12483.000 MB/sec
[    8.637943] async_tx: api initialized (async)
[    8.660083] md: raid6 personality registered for level 6
[    8.671341] md: raid5 personality registered for level 5
[    8.674597] md: raid4 personality registered for level 4
[    8.694322] md: raid10 personality registered for level 10
done.
Begin: Running /scripts/init-premount ... done.
Begin: Mounting root file system ... Begin: Running /scripts/local-top ... done.
Begin: Running /scripts/local-premount ... [    8.797045] Btrfs loaded
Scanning for Btrfs filesystems
done.
Warning: fsck not present, so skipping root file system
[    9.001993] EXT4-fs (sda1): mounted filesystem with ordered data mode. Opts: (null)
done.
Begin: Running /scripts/local-bottom ... done.
Begin: Running /scripts/init-bottom ... done.
[    9.708587] random: nonblocking pool is initialized
[   10.131750] systemd[1]: systemd 229 running in system mode. (+PAM +AUDIT +SELINUX +IMA +APPARMOR +SMACK +SYSVINIT +UTMP +LIBCRYPTSETUP +GCRYPT +GNUTLS +ACL +XZ -LZ4 +SECCOMP +BLKID +ELFUTILS +KMOD -IDN)
[   10.148807] systemd[1]: Detected virtualization oracle.
[   10.152968] systemd[1]: Detected architecture x86-64.

Welcome to [1mUbuntu 16.04.5 LTS[0m!

[   10.256150] systemd[1]: Set hostname to <ubuntu>.
[   10.329250] systemd[1]: Initializing machine ID from random generator.
[   10.332925] systemd[1]: Installed transient /etc/machine-id file.
[   12.360614] systemd[1]: Listening on Device-mapper event daemon FIFOs.
[[0;32m  OK  [0m] Listening on Device-mapper event daemon FIFOs.
[   12.373451] systemd[1]: Created slice User and Session Slice.
[[0;32m  OK  [0m] Created slice User and Session Slice.
[   12.379681] systemd[1]: Reached target System Time Synchronized.
[[0;32m  OK  [0m] Reached target System Time Synchronized.
[   12.391846] systemd[1]: Listening on LVM2 metadata daemon socket.
[[0;32m  OK  [0m] Listening on LVM2 metadata daemon socket.
[   12.398576] systemd[1]: Started Forward Password Requests to Wall Directory Watch.
[[0;32m  OK  [0m] Started Forward Password Requests to Wall Directory Watch.
[   12.444196] systemd[1]: Reached target Swap.
[[0;32m  OK  [0m] Reached target Swap.
[   12.450030] systemd[1]: Reached target Encrypted Volumes.
[[0;32m  OK  [0m] Reached target Encrypted Volumes.
[   12.490281] systemd[1]: Listening on udev Kernel Socket.
[[0;32m  OK  [0m] Listening on udev Kernel Socket.
[   12.496338] systemd[1]: Listening on Journal Audit Socket.
[[0;32m  OK  [0m] Listening on Journal Audit Socket.
[   12.507925] systemd[1]: Set up automount Arbitrary Executable File Formats File System Automount Point.
[[0;32m  OK  [0m] Set up automount Arbitrary Executab...ats File System Automount Point.
[   12.530763] systemd[1]: Reached target User and Group Name Lookups.
[[0;32m  OK  [0m] Reached target User and Group Name Lookups.
[   12.543412] systemd[1]: Created slice System Slice.
[[0;32m  OK  [0m] Created slice System Slice.
[   12.555687] systemd[1]: Created slice system-serial\x2dgetty.slice.
[[0;32m  OK  [0m] Created slice system-serial\x2dgetty.slice.
[   12.562185] systemd[1]: Listening on Journal Socket.
[[0;32m  OK  [0m] Listening on Journal Socket.
[   12.589838] systemd[1]: Starting Remount Root and Kernel File Systems...
         Starting Remount Root and Kernel File Systems...
[   12.709915] systemd[1]: Starting Create list of required static device nodes for the current kernel...
         Starting Create list of required st... nodes for the current kernel...
[   12.731123] EXT4-fs (sda1): re-mounted. Opts: (null)
[   12.732071] systemd[1]: Starting Nameserver information manager...
         Starting Nameserver information manager...
[   12.773213] systemd[1]: Mounting POSIX Message Queue File System...
         Mounting POSIX Message Queue File System...
[   12.793834] systemd[1]: Starting Set console keymap...
         Starting Set console keymap...
[   12.810200] systemd[1]: Starting Monitoring of LVM2 mirrors, snapshots etc. using dmeventd or progress polling...
         Starting Monitoring of LVM2 mirrors... dmeventd or progress polling...
[   12.914151] systemd[1]: Starting Load Kernel Modules...
         Starting Load Kernel Modules...
[   12.928916] systemd[1]: Mounting Huge Pages File System...
         Mounting Huge Pages File System...
[   12.965669] systemd[1]: Listening on udev Control Socket.
[[0;32m  OK  [0m] Listening on udev Control Socket.
[   12.994420] systemd[1]: Starting Uncomplicated firewall...
         Starting Uncomplicated firewall...
[   13.004898] systemd[1]: Listening on LVM2 poll daemon socket.
[[0;32m  OK  [0m] Listening on LVM2 poll daemon socket.
[   13.011116] systemd[1]: Listening on Syslog Socket.
[[0;32m  OK  [0m] Listening on Syslog Socket.
[   13.024164] systemd[1]: Started Trigger resolvconf update for networkd DNS.
[[0;32m  OK  [0m] Started Trigger resolvconf update for networkd DNS.
[   13.042858] systemd[1]: Listening on /dev/initctl Compatibility Named Pipe.
[[0;32m  OK  [0m] Listening on /dev/initctl Compatibility Named Pipe.
[   13.056341] systemd[1]: Reached target Slices.
[[0;32m  OK  [0m] Reached target Slices.
[   13.063012] systemd[1]: Listening on Journal Socket (/dev/log).
[[0;32m  OK  [0m] Listening on Journal Socket (/dev/log).
[   13.089666] systemd[1]: Starting Journal Service...
         Starting Journal Service...
[   13.096446] systemd[1]: Mounting Debug File System...
         Mounting Debug File System...
[   13.156918] systemd[1]: Mounted POSIX Message Queue File System.
[[0;32m  OK  [[   13.174783] Loading iSCSI transport class v2.0-870.
0m] Mounted POSIX Message Queue File System.
[   13.199689] systemd[1]: Mounted Huge Pages File System.
[[0;32m  OK  [0m] Mounted Huge Pages File System.
[   13.269955] systemd[1]: Mounted Debug File System.
[[0;32m  OK  [0m] Mounted Debug File System.
[   13.316987] systemd[1]: Started Remount Root and Kernel File Systems.
[[0;32m  OK  [0m] Started Remount Root and Kernel File Systems.
[   13.437383] systemd[1]: Started Create list of required static device nodes for the current kernel.
[[0;32m  OK  [0m] Started Create list of required sta...ce nodes for the current kernel.
[   13.484546] systemd[1]: Started Set console keymap.
[[0;32m  OK  [0m] Started Set console keymap.
[   13.505714] systemd[1]: Started Uncomplicated firewall.
[[0;32m  OK  [0m] Started Uncomplicated firewall.
[   13.677469] systemd[1]: Starting Create Static Device Nodes in /dev...
         Starting Create Static Device Nodes in /dev...[   13.691730] iscsi: registered transport (tcp)

[   13.701413] systemd[1]: Starting Load/Save Random Seed...
         Starting Load/Save Random Seed...
[   13.850440] systemd[1]: Starting udev Coldplug all Devices...
         Starting udev Coldplug all Devices...
[   13.860361] systemd[1]: Started Nameserver information manager.
[[0;32m  OK  [0m] Started Nameserver information manager.
[   13.890639] systemd[1]: Started Load/Save Random Seed.
[[0;32m  OK  [0m] Started Load/Save Random Seed.
[   14.066569] systemd[1]: Started LVM2 metadata daemon.
[[0;32m  OK  [0m] Started LVM2 metadata daemon.
[   14.239272] iscsi: registered transport (iser)
[   14.258686] systemd[1]: Started Load Kernel Modules.
[[0;32m  OK  [0m] Started Load Kernel Modules.
[   14.295832] systemd[1]: Starting Apply Kernel Variables...
         Starting Apply Kernel Variables...
[   14.377403] systemd[1]: Mounting FUSE Control File System...
         Mounting FUSE Control File System...
[   14.406910] systemd[1]: Mounted FUSE Control File System.
[[0;32m  OK  [0m] Mounted FUSE Control File System.
[   14.419386] systemd[1]: Started Journal Service.
[[0;32m  OK  [0m] Started Journal Service.
[[0;32m  OK  [0m] Started udev Coldplug all Devices.
         Starting Flush Journal to Persistent Storage...
[[0;32m  OK  [0m] Started Apply Kernel Variables.
[[0;32m  OK  [0m] Started Monitoring of LVM2 mirrors,...ng dmeventd or progress polling.
[[0;32m  OK  [0m] Started Flush Journal to Persistent Storage.
[[0;32m  OK  [0m] Started Create Static Device Nodes in /dev.
         Starting udev Kernel Device Manager...
[[0;32m  OK  [0m] Started udev Kernel Device Manager.
[[0;32m  OK  [0m] Started Dispatch Password Requests to Console Directory Watch.
[[0;32m  OK  [0m] Reached target Local File Systems (Pre).
[[0;32m  OK  [0m] Reached target Local File Systems.
         Starting Tell Plymouth To Write Out Runtime Data...
         Starting LSB: AppArmor initialization...
         Starting Commit a transient machine-id on disk...
         Starting Create Volatile Files and Directories...
         Starting Set console font and keymap...
         Starting Initial cloud-init job (pre-networking)...
[[0;32m  OK  [0m] Started Tell Plymouth To Write Out Runtime Data.
[[0;32m  OK  [0m] Started Commit a transient machine-id on disk.
[[0;32m  OK  [0m] Started Create Volatile Files and Directories.
         Starting Update UTMP about System Boot/Shutdown...
[[0;32m  OK  [0m] Started Update UTMP about System Boot/Shutdown.
[[0;32m  OK  [0m] Found device /dev/ttyS0.
[[0;32m  OK  [0m] Listening on Load/Save RF Kill Switch Status /dev/rfkill Watch.
[[0;32m  OK  [0m] Started Set console font and keymap.
[[0;32m  OK  [0m] Created slice system-getty.slice.
[[0;32m  OK  [0m] Started LSB: AppArmor initialization.
[   24.339008] cloud-init[488]: Cloud-init v. 18.3-9-g2e62cb8a-0ubuntu1~16.04.2 running 'init-local' at Wed, 12 Jun 2019 20:56:35 +0000. Up 23.02 seconds.
[[0;32m  OK  [0m] Started Initial cloud-init job (pre-networking).
[[0;32m  OK  [0m] Reached target Network (Pre).
         Starting Raise network interfaces...
[[0;32m  OK  [0m] Started Raise network interfaces.
[[0;32m  OK  [0m] Reached target Network.
         Starting Initial cloud-init job (metadata service crawler)...
[   30.521523] cloud-init[924]: Cloud-init v. 18.3-9-g2e62cb8a-0ubuntu1~16.04.2 running 'init' at Wed, 12 Jun 2019 20:56:39 +0000. Up 26.86 seconds.
[   30.537444] cloud-init[924]: ci-info: ++++++++++++++++++++++++++++++++++++Net device info+++++++++++++++++++++++++++++++++++++
[   30.590846] cloud-init[924]: ci-info: +--------+------+-------------------------+---------------+--------+-------------------+
[   30.617460] cloud-init[924]: ci-info: | Device |  Up  |         Address         |      Mask     | Scope  |     Hw-Address    |
[   30.687608] cloud-init[924]: ci-info: +--------+------+-------------------------+---------------+--------+-------------------+
[   30.694420] cloud-init[924]: ci-info: | enp0s3 | True |        10.0.2.15        | 255.255.255.0 | global | 02:00:84:9a:cf:24 |
[   30.704543] cloud-init[924]: ci-info: | enp0s3 | True | fe80::84ff:fe9a:cf24/64 |       .       |  link  | 02:00:84:9a:cf:24 |
[   30.710504] cloud-init[924]: ci-info: |   lo   | True |        127.0.0.1        |   255.0.0.0   |  host  |         .         |
[   30.721960] cloud-init[924]: ci-info: |   lo   | True |         ::1/128         |       .       |  host  |         .         |
[[   30.768606] cloud-init[924]: ci-info: +--------+------+-------------------------+---------------+--------+-------------------+
[   30.770356] cloud-init[924]: ci-info: +++++++++++++++++++++++++++Route IPv4 info++++++++++++++++++++++++++++
[   30.770843] cloud-init[924]: ci-info: +-------+-------------+----------+---------------+-----------+-------+
[   30.771372] cloud-init[924]: ci-info: | Route | Destination | Gateway  |    Genmask    | Interface | Flags |
[   30.771881] cloud-init[924]: ci-info: +-------+-------------+----------+---------------+-----------+-------+
[   30.773590] cloud-init[924]: ci-info: |   0   |   0.0.0.0   | 10.0.2.2 |    0.0.0.0    |   enp0s3  |   UG  |
[   30.773952] cloud-init[924]: ci-info: |   1   |   10.0.2.0  | 0.0.0.0  | 255.255.255.0 |   enp0s3  |   U   |
[   30.774303] cloud-init[924]: ci-info: +-------+-------------+----------+---------------+-----------+-------+
[   30.774634] cloud-init[924]: ci-info: +++++++++++++++++++Route IPv6 info+++++++++++++++++++
[0;32m  OK  [0m] Started Initial cloud-init job (metadata service crawler).
[   30.774969] cloud-init[924]: ci-info: +-------+-------------+---------+-----------+-------+
[   30.861323] cloud-init[924]: ci-info: | Route | Destination | Gateway | Interface | Flags |
[   30.865276] cloud-init[924]: ci-info: +-------+-------------+---------+-----------+-------+
[   30.869358] cloud-init[924]: ci-info: |   0   |  fe80::/64  |    ::   |   enp0s3  |   U   |
[   30.892905] cloud-init[924]: ci-info: |   4   |   ff00::/8  |    ::   |   enp0s3  |   U   |
[   30.894033] cloud-init[924]: ci-info: +-------+-------------+---------+-----------+-------+
[[0;32m  OK  [0m] Reached target Cloud-config availability.
[[   30.895231] cloud-init[924]: Generating public/private rsa key pair.
[   30.936956] cloud-init[924]: Your identification has been saved in /etc/ssh/ssh_host_rsa_key.
[   30.937339] cloud-init[924]: Your public key has been saved in /etc/ssh/ssh_host_rsa_key.pub.
[   30.937720] cloud-init[924]: The key fingerprint is:
[   30.938154] cloud-init[924]: SHA256:DSJKGhGpFoYcwHZlrLff6gQUK4kifNwKQff2hIyDspc root@ubuntu-xenial
[   30.938589] cloud-init[924]: The key's randomart image is:
[   30.939028] cloud-init[924]: +---[RSA 2048]----+
[0;32m  OK  [0m] Reached target System Initialization.
[   30.939921] cloud-init[924]: |X*..o+           |
[   30.992086] cloud-init[924]: |+B*.B.+          |
[   31.016742] cloud-init[924]: |O=+BoO...        |
[   31.017647] cloud-init[924]: |=*o+*oo. o       |
         [   31.021162] cloud-init[924]: |+ E.....S .      |
[   31.021794] cloud-init[924]: | .   ..          |
[   31.022835] cloud-init[924]: |      ...        |
Starting LXD - unix socket.
[[   31.023265] cloud-init[924]: |      .. .       |
[   31.057767] cloud-init[0;32m  OK  [0m] Listening on ACPID Listen Socket.
[924]: |      .o.        |
[   31.107508] cloud-init[924]: +----[SHA256]-----+
[   31.108452] cloud-init[924]: Generating public/private dsa key pair.
         Starting Socket activation for snappy daemon.
[   31.108742] cloud-init[924]: Your identification has been saved in /etc/ssh/ssh_host_dsa_key.
[   31.154908] cloud-init[924]: Your public key has been saved in /etc/ssh/ssh_host_dsa_key.pub.
[   31.155383] cloud-init[924]: The key fingerprint is:
[[0;32m  OK  [0m] Started Daily Cleanup of Temporary Directories.
[   31.155806] cloud-init[924]: SHA256:+QJSlTl2P6/JcLJp7tGLCKxQKfF5cCmROaLAByvwpbo root@ubuntu-xenial
[   31.266068] cloud-init[924]: The key's randomart image is:
[   31.266978] cloud-init[924]: +---[DSA 1024]----+
[   31.269509] cloud-init[924]: |o.. oo  .o       |
[   31.269930] cloud-init[924]: |ooo++. o= .      |
[[0;32m  OK  [0m] Listening on D-Bus System Message Bus Socket.
[[   31.270388] cloud-init[924]: |oo=.o.+. o .     |
[   31.324864] cloud-init[924]: |o. o B   .  o    |
[   31.325241] cloud-init[924]: |. . * o S    o   |
[0;32m  OK  [0m] Listening on UUID daemon activation socket.
[   31.326286] cloud-init[924]: | . o + . .o.. .  |
[   31.376150] cloud-init[924]: |E .   o . oB.o   |
[   31.377871] cloud-init[924]: |   . . . o+o+.   |
[   31.383610] cloud-init[924]: |    .   .++ .    |
[   31.384172] cloud-init[924]: +----[SHA256]-----+
[   31.384605] cloud-init[924]: Generating public/private ecdsa key pair.
[   31.385120] cloud-init[924]: Your identification has been saved in /etc/ssh/ssh_host_ecdsa_key.
[   31.385621] cloud-init[924]: Your public key has been saved in /etc/ssh/ssh_host_ecdsa_key.pub.
[   31.386073] cloud-init[924]: The key fingerprint is:
[   31.386554] cloud-init[924]: SHA256:yNk6LI4S0GDJZQ2Pqgig7kgxI2igjmMzmCBUIwmosXo root@ubuntu-xenial
[[0;32m  OK  [0m] Started ACPI Events Check.
[   31.390000] cloud-init[924]: The key's randomart image is:
[[0;32m  OK  [0m[   31.555054] cloud-init[924]: +---[ECDSA 256]---+
[   31.556166] cloud-init[924]: |=.+*o            |
[   31.558232] cloud-init[924]: |+=+ +.           |
[   31.558593] cloud-init[924]: |=* . .           |
[   31.567216] cloud-init[924]: |@ o  . +         |
[   31.567690] cloud-init[924]: |@*    + S        |
[   31.568918] cloud-init[924]: |/.E  . .         |
[   31.569340] cloud-init[924]: |BX  . +          |
[   31.569779] cloud-init[924]: |*.oo . .         |
[   31.570227] cloud-init[924]: |.o. .            |
[   31.570657] cloud-init[924]: +----[SHA256]-----+
[   31.571121] cloud-init[924]: Generating public/private ed25519 key pair.
[   31.571549] cloud-init[924]: Your identification has been saved in /etc/ssh/ssh_host_ed25519_key.
] Reached target Paths.
[   31.574419] cloud-init[924]: Your public key has been saved in /etc/ssh/ssh_host_ed25519_key.pub.
[   31.623688] cloud-init[924]: The key fingerprint is:
[[0;32m  OK  [0m] Started Daily apt download activities.
[   31.626157] cloud-init[924]: SHA256:lHpl/bNn4nIARjQymGgkuN/1hPtcOi+arkqcylndDjI root@ubuntu-xenial
[   31.641948] cloud-init[924]: The key's randomart image is:
[   31.643746] cloud-init[924]: +--[ED25519 256]--+
[[0;32m  OK  [0m] Started Daily apt upgrade and clean activities.
[[   31.644218] cloud-init[924]: | ..... oo.o      |
[   31.693288] cloud-init[924]: |.  .o o  +.o     |
[0;32m  OK  [0m] Reached target Timers.
[   31.694299] cloud-init[924]: | . .   .o.o .    |
[   31.732042] cloud-init[924]: |.     oo.oo  .   |
[   31.732497] cloud-init[924]: | . . ..+S. .  o  |
[   31.732963] cloud-init[924]: | ...o o.. . .  o |
[   31.733402] cloud-init[924]: |  +E o + o   .o o|
[   31.733910] cloud-init[924]: |.oo o o.*   ...+ |
[   31.734876] cloud-init[924]: |.o...o+o +.  o.  |
[[0;32m  OK  [0m] Reached target Network is Online.
[   31.735188] cloud-init[924]: +----[SHA256]-----+
         Starting iSCSI initiator daemon (iscsid)...
[[0;32m  OK  [0m] Listening on LXD - unix socket.
[[0;32m  OK  [0m] Listening on Socket activation for snappy daemon.
[[0;32m  OK  [0m] Reached target Sockets.
[[0;32m  OK  [0m] Reached target Basic System.
[[0;32m  OK  [0m] Started Unattended Upgrades Shutdown.
         Starting Pollinate to seed the pseudo random number generator...
[[0;32m  OK  [0m] Started Deferred execution scheduler.
[[0;32m  OK  [0m] Started Regular background program processing daemon.
[[0;32m  OK  [0m] Started ACPI event daemon.
[[0;32m  OK  [0m] Started FUSE filesystem for LXC.
         Starting LSB: Record successful boot for GRUB...
         Starting System Logging Service...
         Starting Snappy daemon...
[[0;32m  OK  [0m] Started D-Bus System Message Bus.
         Starting Accounts Service...
         Starting /etc/rc.local Compatibility...
         Starting Virtualbox guest utils...
         Starting LSB: MD monitoring daemon...
         Starting Login Service...
         Starting LXD - container startup/shutdown...
[[0;32m  OK  [0m] Started System Logging Service.
[[0;32m  OK  [0m] Started /etc/rc.local Compatibility.
[[0;32m  OK  [0m] Started iSCSI initiator daemon (iscsid).
         Starting Login to default iSCSI targets...
[[0;32m  OK  [0m] Started Login Service.
[[0;32m  OK  [0m] Started LSB: Record successful boot for GRUB.
[[0;32m  OK  [0m] Started Login to default iSCSI targets.
[[0;32m  OK  [0m] Reached target Remote File Systems (Pre).
[[0;32m  OK  [0m] Reached target Remote File Systems.
         Starting LSB: automatic crash report generation...
         Starting LSB: daemon to balance interrupts for SMP systems...
         Starting Permit User Sessions...
         Starting LSB: Set the CPU Frequency Scaling governor to "ondemand"...
[[0;32m  OK  [0m] Started LSB: MD monitoring daemon.
[[0;32m  OK  [0m] Started Permit User Sessions.
[[0;32m  OK  [0m] Started LSB: Set the CPU Frequency Scaling governor to "ondemand".
         Starting Hold until boot process finishes up...
         Starting Terminate Plymouth Boot Screen...
[[0;32m  OK  [0m] Started Hold until boot process finishes up.
[[0;32m  OK  [0m] Started Terminate Plymouth Boot Screen.
         Starting Set console scheme...
[[0;32m  OK  [0m] Started Serial Getty on ttyS0.
[[0;32m  OK  [0m] Started Getty on tty1.
[[0;32m  OK  [0m] Reached target Login Prompts.
[[0;32m  OK  [0m] Started LSB: automatic crash report generation.
[[0;32m  OK  [0m] Started Set console scheme.
[[0;32m  OK  [0m] Started LSB: daemon to balance interrupts for SMP systems.
[[0;32m  OK  [0m] Started Virtualbox guest utils.
         Starting Authenticate and Authorize Users to Run Privileged Tasks...
[[0;32m  OK  [0m] Started Authenticate and Authorize Users to Run Privileged Tasks.
[[0;32m  OK  [0m] Started Accounts Service.
[[0;32m  OK  [0m] Started Pollinate to seed the pseudo random number generator.
         Starting OpenBSD Secure Shell server...
[[0;32m  OK  [0m] Started OpenBSD Secure Shell server.
[[0;32m  OK  [0m] Started LXD - container startup/shutdown.
[[0;32m  OK  [0m] Started Snappy daemon.
         Starting Wait until snapd is fully seeded...

Ubuntu 16.04.5 LTS ubuntu-xenial ttyS0

ubuntu-xenial login: [   45.875440] cloud-init[1273]: Generating locales (this might take a while)...
[   51.605209] cloud-init[1273]:   en_US.UTF-8... done
[   51.610452] cloud-init[1273]: Generation complete.
[   54.878415] cloud-init[1273]: Cloud-init v. 18.3-9-g2e62cb8a-0ubuntu1~16.04.2 running 'modules:config' at Wed, 12 Jun 2019 20:56:56 +0000. Up 44.63 seconds.
ci-info: no authorized ssh keys fingerprints found for user ubuntu.
<14>Jun 12 20:57:09 ec2: 
<14>Jun 12 20:57:09 ec2: #############################################################
<14>Jun 12 20:57:09 ec2: -----BEGIN SSH HOST KEY FINGERPRINTS-----
<14>Jun 12 20:57:09 ec2: 1024 SHA256:+QJSlTl2P6/JcLJp7tGLCKxQKfF5cCmROaLAByvwpbo root@ubuntu-xenial (DSA)
<14>Jun 12 20:57:09 ec2: 256 SHA256:yNk6LI4S0GDJZQ2Pqgig7kgxI2igjmMzmCBUIwmosXo root@ubuntu-xenial (ECDSA)
<14>Jun 12 20:57:09 ec2: 256 SHA256:lHpl/bNn4nIARjQymGgkuN/1hPtcOi+arkqcylndDjI root@ubuntu-xenial (ED25519)
<14>Jun 12 20:57:09 ec2: 2048 SHA256:DSJKGhGpFoYcwHZlrLff6gQUK4kifNwKQff2hIyDspc root@ubuntu-xenial (RSA)
<14>Jun 12 20:57:09 ec2: -----END SSH HOST KEY FINGERPRINTS-----
<14>Jun 12 20:57:09 ec2: #############################################################
-----BEGIN SSH HOST KEY KEYS-----
ecdsa-sha2-nistp256 AAAAE2VjZHNhLXNoYTItbmlzdHAyNTYAAAAIbmlzdHAyNTYAAABBBJQ3loXgslCrqwOoNa3A71dkt818G5QN8+iMhNBIxHfijankMDJDJ1exQMxPXBKFCVLsMd2OT0UpjllBolkDtMw= root@ubuntu-xenial
ssh-ed25519 AAAAC3NzaC1lZDI1NTE5AAAAIDfRmMtIYa0GjNeMun5dWZfuNHEn6jJgVrV0N0IigWcA root@ubuntu-xenial
ssh-rsa AAAAB3NzaC1yc2EAAAADAQABAAABAQCxWPYuJQZ8s2UeTOj/Z7DxuK7y2n6uqhSoVa0E4REElgsMfyf4bZVcOL9UG7L6OqvSCCxik2jCcrLl+JpPzYgyyNgAIqPMmgPbDyU8MYRR+9xMx9i4ycgAN3iGL8wUVODmmqKzfIQf32oKHylavFlIEOqx9uMVSw+Q52/oyJM2FHIDFXPWz1wQMDAdDJ8lxcETZPjwonvAtvIBM0P8BUkqA7o9+sb2yoUPaUC8I5FOnEJLvdGFQCqYHRNimZ5RKXPK56ej94orzTO6RNIEVYjYm2+6WW7nqrvPeheVifCchOVptWjasItVbWPVByRqnO/ZFMRCHzbqvyLR9q1VGZmh root@ubuntu-xenial
-----END SSH HOST KEY KEYS-----
[   57.483425] cloud-init[1475]: Cloud-init v. 18.3-9-g2e62cb8a-0ubuntu1~16.04.2 running 'modules:final' at Wed, 12 Jun 2019 20:57:08 +0000. Up 56.46 seconds.
[   57.483962] cloud-init[1475]: ci-info: no authorized ssh keys fingerprints found for user ubuntu.
[   57.487144] cloud-init[1475]: Cloud-init v. 18.3-9-g2e62cb8a-0ubuntu1~16.04.2 finished at Wed, 12 Jun 2019 20:57:09 +0000. Datasource DataSourceNoCloud [seed=/dev/sdb][dsmode=net].  Up 57.45 seconds
