[    0.000000] Initializing cgroup subsys cpuset
[    0.000000] Initializing cgroup subsys cpu
[    0.000000] Initializing cgroup subsys cpuacct
[    0.000000] Linux version 4.4.0-133-generic (buildd@lgw01-amd64-029) (gcc version 5.4.0 20160609 (Ubuntu 5.4.0-6ubuntu1~16.04.10) ) #159-Ubuntu SMP Fri Aug 10 07:31:43 UTC 2018 (Ubuntu 4.4.0-133.159-generic 4.4.134)
[    0.000000] ommand line: BOOT_IMAGE=/boot/vmlinuz-4.4.0-133-generic root=LABEL=cloudimg-rootfs ro consoletty1 console=ttyS0
[    0.000000] KERNEL supported cpus:
[    0.000000]   Intel GenuineIntel
[    0.000000]   AMD AuthenticAMD
[    0.000000]   Centaur CentaurHauls
[    0.000000] x86/fpu: xstate_offset[2]:  576, xstate_sizes[2]:  256
[    0.000000] x86/fpu: Supporting XSAVE feature 0x01: 'x87 floating point registers'
[    0.000000] x86/fpu: Supporting XSAVE feature 0x02: 'SSE registers'
[    0.000000] x86/fpu: Supporting XSAVE feature 0x04: 'AVX registers'
[    0.000000] x86/fpu: Enabled xstate featres 0x7, context size is 832 bytes, using 'standard' format.
[    0.000000] x86/fpu: Using 'eager' FPU context switches.
[    0.000000] e820: BIOS-provided physical RAM map:
[    0.000000] BIOS-e820: [mem 0x0000000000000000-0x000000000009fbff] usable
[    0.000000] BIOS-e820: [mem 0x000000000009fc00-0x000000000009ffff] reserved
[    0.000000] BIOS-e820: [mem 0x00000000000f0000-0x00000000000fffff] reserved
[    0.000000] BIOS-e820: [mem 0x0000000000100000-0x000000003ffeffff] usable
[    0.000000] BIOS-e820: [mem 0x000000003fff0000-0x000000003fffffff] ACPI data
[    0.000000] BIOS-e820: [mem 0x00000000fec00000-0x00000000fec00fff] reserved
[    0.000000] BIOS-e820: [mem 0x00000000fee00000-0x00000000fee00fff] reserved
[    0.000000] BIOS-e820: [mem 0x00000000fffc0000-0x00000000ffffffff] reserved
[    0.000000] NX (Execute Disable) protection: active
[    0.000000] SMBIOS 2.5 present.
[    0.000000] Hypervisor detected: KVM
[    0.000000] e820: last_pfn = 0x3fff0 max_arch_pfn = 0x400000000
[    0.000000] MTRR: Disabled
[    0.000000] x86/PAT: MTRRs disabled, skipping PAT initialization too.
[    0.000000] CPU MTRRs all blank - virtualized system.
[    0.000000] x86/PAT: Configuration [0-7]: WB  WT  UC- UC  WB  WT  UC- UC  
[    0.000000] found SMP MP-table at [mem 0x0009fff0-0x0009ffff] mapped at [ffff88000009fff0]
[    0.000000] Scanning 1 areas for low memory corruption
[    0.000000] RAMDISK: [mem 0x3630c000-0x3717dfff]
[    0.000000] ACPI: Early table checksum verification disabled
[    0.000000] ACPI: RSDP 0x00000000000E0000 000024 (v02 VBOX  )
[    0.000000] ACPI: XSDT 0x000000003FFF0030 00003C (v01 VBOX   VBOXXSDT 00000001 ASL  00000061)
[    0.000000] ACPI: FACP 0x000000003FFF00F0 0000F4 (v04 VBOX   VBOXFACP 00000001 ASL  00000061)
[    0.000000] ACPI: DSDT 0x000000003FFF0470 0021FF (v02 VBOX   VBOXBIOS 00000002 INTL 20100528)
[    0.000000] ACPI: FACS 0x000000003FFF0200 000040
[    0.000000] ACPI: FACS 0x000000003FFF0200 000040
[    0.000000] ACPI: APIC 0x000000003FFF0240 00005C (v02 VBOX   VBOXAPIC 00000001 ASL  00000061)
[    0.000000] ACPI: SSDT 0x000000003FFF02A0 0001CC (v01 VBOX   VBOXCPUT 00000002 INTL 20100528)
[    0.000000] No NUMA configuration found
[    0.000000] Faking a node at [mem 0x0000000000000000-0x000000003ffeffff]
[    0.000000] NODE_DATA(0) allocated [mem 0x3ffeb000-0x3ffeffff]
[    0.000000] kvm-clock: Using msrs 4b564d01 and 4b564d00
[    0.000000] kvm-clock: cpu 0, msr 0:3ffe3001, primary cpu clock
[    0.000000] kvm-clock: using sched offset of 5482056018 cycles
[    0.000000] clocksource: kvm-clock: mask: 0xffffffffffffffff max_cycles: 0x1cd42e4dffb, max_idle_ns: 881590591483 ns
[    0.000000] Zone ranges:
[    0.000000]   DMA      [mem 0x0000000000001000-0x0000000000ffffff]
[    0000000]   DMA32    [mem 0x0000000001000000-0x000000003ffeffff]
[    0.000000]   Normal   empty
[    0.000000]   Device   empty
[    0.000000] Movable zone start for each node
[    0.000000] Early memory node ranges
[    0.000000]   node   0: [mem 0x0000000000001000-0x000000000009efff]
[    0.000000]   node   0: [mem 0x0000000000100000-0x000000003ffeffff]
[    0.000000] Initmem setup node 0 [mem 0x0000000000001000-0x000000003ffeffff]
[    0.000000] ACPI: PM-Timer IO Port: 0x4008
[    0.000000] IOAPIC[0]: apic_id 2, version 32, address 0xfec00000, GSI 0-23
[    0.000000] ACPI: INT_SRC_OVR (bus 0 bus_irq 0 global_irq 2 dfl dfl)
[    0.000000] ACPI: INT_SRC_OVR (bus 0 bus_irq 9 global_irq 9 low level)
[    0.000000] Using ACPI (MADT) for SMP configuration information
[    0.000000] smpboot: Allowing 2 CPUs, 0 hotplug CPUs
[    0.000000] PM: Registered nosave memory: [mem 0x00000000-0x00000fff]
[    0.000000] PM: Registered nosave memory: [mem 0x0009f000-0x0009ffff]
[    0.000000] PM: Registered nosave memory: [mem 0x000a0000-0x000effff]
[    0.000000] PM: Registered nosave memory: [mem 0x000f0000-0x000fffff]
[    0.000000] e820: [mem 0x40000000-0xfebfffff] available for PCI devices
[    0.000000] Booting paravirtualized kernel on KVM
[    0.000000] clocksource: refined-jiffies: mask: 0xffffffff max_cycles: 0xffffffff, max_idle_ns: 7645519600211568 ns
[    0.000000] setup_percpu: NR_CPUS:512 nr_cpumask_bits:512 nr_cpu_ids:2 nr_node_ids:1
[    0.000000] PERCPU: Embedded 34 pages/cpu @ffff88003fc00000 s99544 r8192 d31528 u1048576
[    0.000000] PV qspinlock hash table entries: 256 (order: 0, 4096 bytes)
[    0.000000] Built 1 zonelists in Node order, mobility grouping on.  Total pages: 257912
[    0.000000] Policy zone: DMA32
[    0.000000] Kernel command line: BOOT_IMAGE=/boot/vmlinuz-4.4.0-133-generic root=LABEL=cloudimg-rootfs ro console=tty1 console=ttyS0
[    0.000000] PID hash table entries: 4096 (order: 3, 32768 bytes)
[    0.000000] Memory: 997712K/1048120K available (8550K kernel code, 1314K rwdata, 4004K rodata, 1528K init, 1316K bss, 50408K reserved, 0K cma-reserved)
[    0.000000] SLUB: HWalign=64, Order=0-3, MinObjects=0, CPUs=2, Nodes=1
[    0.000000] Kernel/User page tables isolation: enabled
[    0.000000] Hierarchical RCU implementation.
[    0.000000] 	Build-time adjustment of leaf fanout to 64.
[    0.000000] 	RCU restricting CPUs from NR_CPUS=512 to nr_cpu_ids=2.
[    0.000000] RCU: Adjusting geometry for rcu_fanout_leaf=64, nr_cpu_ids=2
[    0.000000] NR_IRQS:33024 nr_irqs:440 16
[    0.000000] Console: colour VGA+ 80x25
[    0.000000] console [tty1] enabled
[    0.000000] console [tyS0] enabled
[    0.000000] tsc: Detected 2394.456 MHz processor
[    0.739206] Calibrating delay loop (skipped) preset value.. 4788.91 BogoMIPS (lpj=9577824)
[    0.754550] pid_max: default: 32768 minimum: 301
[    0.757077] ACPI: Core revision 20150930

[    0.766176] ACPI: 2 ACPI AML tables successfully acquired and loaded
[    0.770334] Security Framework initialized
[    0.782063] Yama: becoming mindful.
[    0.783832] AppArmor: AppArmor initialized
[    0.786494] Dentry cache hash table entries: 131072 (order: 8, 1048576 bytes)
[    0.802026] Inode-cache hash table entries: 65536 (order: 7, 524288 bytes)
[    0.806032] Mount-cache hash table entries: 2048 (order: 2, 16384 bytes)
[    0.809010] Mountpoint-cache hash table entries: 2048 (order: 2, 16384 bytes)
[    0.817376] Initializing cgroup subsys io
[    0.819757] Initializing cgroup subsys memory
[    0.823024] Initializing cgroup subsys devices
[    0.825890] Initializing cgroup subsys freezer
[    0.828556] Initializing cgroup subsys net_cls
[    0.831508] Initializing cgroup subsys perf_event
[    0.834106] Initializing cgroup subsys net_prio
[    0.836658] Initializing cgroup subsys hugetlb
[    0.839343] Initializing cgroup subsys pids
[    0.844007] mce: CPU supports 0 MCE banks
[    0.846399] Last level iTLB entries: 4KB 64, 2MB 8, 4MB 8
[    0.849193] Last level dTLB entries: 4KB 64, 2MB 0, 4MB 0, 1GB 4
[    0.852539] Spectre V2 : Mitigation: Full generic retpoline
[    0.855509] Spectre V2 : Speculation control IBPB not-supported IBRS not-supported
[    0.860581] Speculative Store Bypass: Vulnerable
[    0.869030] Freeing SMP alternatives memory: 32K
[    0.899661] ftrace: allocating 32262 entries in 127 pages
[    1.019298] smpboot: APIC(0) Converting physical 0 to logical package 0
[    1.025048] smpboot: Max logical packages: 1
[    1.028295] x2apic enabled
[    1.032235] Switched APIC routing to physical x2apic.
[    1.039327] ..TIMER: vector=0x30 apic1=0 pin1=2 apic2=-1 pin2=-1
[    1.149420] smpboot: CPU0: Intel(R) Core(TM) i7-5500U CPU @ 2.40GHz (family: 0x6, model: 0x3d, stepping: 0x4)
[    1.155598] Performance Events: unsupported p6 CPU model 61 no PMU driver, software events only.
[    1.162497] KVM setup paravirtual spinlock
[    1.170440] x86: Booting SMP configuration:
[    1.179305] .... node  #0, CPUs:      #1
[    1.186098] kvm-clock: cpu 1, msr 0:3ffe3041, secondary cpu clock
[    1.189367] mce: CPU supports 0 MCE banks
[    1.209592] x86: Booted up 1 node, 2 CPUs
[    1.212357] smpboot: Total of 2 processors activated (9577.82 BogoMIPS)
[    1.215766] devtmpfs: initialized
[    1.234103] evm: security.selinux
[    1.236006] evm: security.SMACK64
[    1.238215] evm: security.SMACK64EXEC
[    1.240571] evm: security.SMACK64TRANSMUTE
[    1.243110] evm: security.SMACK64MMAP
[    1.245306] evm: security.ima
[    1.247296] evm: security.capability
[    1.249737] clocksource: jiffies: mask: 0xffffffff max_cycles: 0xffffffff, max_idle_ns: 7645041785100000 ns
[    1.256932] futex hash table entries: 512 (order: 3, 32768 bytes)
[    1.261377] pinctrl core: initialized pinctrl subsystem
[    1.264269] RTC time: 17:03:21, date: 01/06/19
[    1.267407] NET: Registered protocol family 16
[    1.291086] cpuidle: using governor ladder
[    1.302833] cpuidle: using governor menu
[    1.316942] PCCT header not found.
[    1.320679] ACPI: bus type PCI registered
[    1.327266] acpiphp: ACPI Hot Plug PCI Controller Driver version: 0.5
[    1.337010] PCI: Using configuration type 1 for base access
[    1.360906] ACPI: Added _OSI(Module Device)
[    1.370441] ACPI: Added _OSI(Processor Device)
[    1.372583] ACPI: Added _OSI(3.0 _SCP Extensions)
[    1.375998] ACPI: Added _OSI(Processor Aggregator Device)
[    1.384225] ACPI: Executed 1 blocks of module-level executable AML code
[    1.395532] ACPI: Interpreter enabled
[    1.397995] ACPI: (supports S0 S5)
[    1.402706] ACPI: Using IOAPIC for interrupt routing
[    1.411303] PCI: Using host bridge windows from ACPI; if necessary, use "pci=nocrs" and report a bug
[    1.436217] ACPI: PCI Root Bridge [PCI0] (domain 0000 [bus 00-ff])
[    1.439460] acpi PNP0A03:00: _OSC: OS supports [ASPM ClockPM Segments MSI]
[    1.447447] acpi PNP0A03:00: _OSC: not requesting OS control; OS requires [ExtendedConfig ASPM ClockPM MSI]
[    1.453013] acpi PNP0A03:00: fail to add MMCONFIG information, can't access extended PCI configuration space under this bridge.
[    1.470389] PCI host bridge to bus 0000:00
[    1.473069] pci_bus 0000:00: root bus resource [io  0x0000-0x0cf7 window]
[    1.476650] pci_bus 0000:00: root bus resource [io  0x0d00-0xffff window]
[    1.482196] pci_bus 0000:00: root bus resource [mem 0x000a0000-0x000bffff window]
[    1.485758] pci_bus 0000:00: root bus resource [mem 0x40000000-0xfdffffff window]
[    1.493539] pci_bus 0000:00: root bus resource [bus 00-ff]
[    1.501698] pci 0000:00:01.1: legacy IDE quirk: reg 0x10: [io  0x01f0-0x01f7]
[    1.505145] pci 0000:00:01.1: legacy IDE quirk: reg 0x14: [io  0x03f6]
[    1.510004] pci 0000:00:01.1: legacy IDE quirk: reg 0x18: [io  0x0170-0x0177]
[    1.513100] pci 0000:00:01.1: legacy IDE quirk: reg 0x1c: [io  0x0376]
[    1.549625] pci 0000:00:07.0: quirk: [io  0x4000-0x403f] claimed by PIIX4 ACPI
[    1.595065] pci 0000:00:07.0: quirk: [io  0x4100-0x410f] claimed by PIIX4 SMB
[    1.615760] ACPI: PCI Interrupt Link [LNKA] (IRQs 5 9 10 *11)
[    1.623119] ACPI: PCI Interrupt Link [LNKB] (IRQs 5 9 *10 11)
[    1.631002] ACPI: PCI Interrupt Link [LNKC] (IRQs 5 *9 10 11)
[    1.636598] ACPI: PCI Interrupt Link [LNKD] (IRQs 5 9 10 *11)
[    1.641979] ACPI: Enabled 2 GPEs in block 00 to 07
[    1.645726] vgaarb: setting as boot device: PCI:0000:00:02.0
[    1.649088] vgaarb: device added: PCI:0000:00:02.0,decodes=io+mem,owns=io+mem,locks=none
[    1.661765] vgaarb: loaded
[    1.665293] vgaarb: bridge control possible 0000:00:02.0
[    1.673849] SCSI subsystem initialized
[    1.676252] ACPI: bus type USB registered
[    1.679016] usbcore: registered new interface driver usbfs
[    1.683015] usbcore: registered new interface driver hub
[    1.686224] usbcore: registered new device driver usb
[    1.699413] PCI: Using ACPI for IRQ routing
[    1.702667] NetLabel: Initializing
[    1.705076] NetLabel:  domain hash size = 128
[    1.707469] NetLabel:  protocols = UNLABELED CIPSOv4
[    1.709824] NetLabel:  unlabeled traffic allowed by default
[    1.716346] amd_nb: Cannot enumerate AMD northbridges
[    1.720668] clocksource: Switched to clocksource kvm-clock
[    1.759772] AppArmor: AppArmor Filesystem Enabled
[    1.762663] pnp: PnP ACPI init
[    1.766332] pnp: PnP ACPI: found 3 devices
[    1.782130] clocksource: acpi_pm: mask: 0xffffff max_cycles: 0xffffff, max_idle_ns: 2085701024 ns
[    1.787135] NET: Registerd protocol family 2
[[    1.830633] TCP established hash table entries: 8192 (order: 4, 65536 bytes)
[    1.834996] TCP bind hash table entries: 8192 (order: 5, 131072 bytes)
[    1.838689] TCP: Hash tables configured (established 8192 bind 8192)
[    1.843122] UDP hash table entries: 512 (order: 2, 16384 bytes)
[    1.846491] UDP-Lit hash table entries: 512 (order: 2, 16384 bytes)
[  1.88787] NET: Regisred protocol family 1
[    2.104002] pci 0000:00:00.0: Limiting direct PCI/PCI transfers
[    2.107586] pci 0000:00:01.0: Activating ISA DMA hang workarounds
[    2.111930] Unpacking initramfs...

[    2.884519] Freeing initrd memory: 14792K
[    2.887663] RAPL PMU detected, API unit is 2^-32 Joules, 4 fixed counters 10737418240 ms ovfl timer
[    2.893027] hw unit of domain pp0-core 2^-0 Joules
[    2.895660] hw unit of domain package 2^-0 Joules
[    2.897839] hw unit of domain dram 2^-0 Joules
[    2.899895] hw unit of domain pp1-gpu 2^-0 Joules
[    2.904673] platform rtc_cmos: registered platform RTC device (no PNP device found)
[    2.908291] Scanning for low memory corruption every 60 seconds
[    2.911643] audit: initializing netlink subsys (disabled)
[    2.914727] audit: type=2000 audit(1546794209.850:1): initialized
[    2.918539] Initialise system trusted keyring
[    2.923290] HugeTLB registered 2 MB page size, pre-allocated 0 pages
[    2.930954] zbud: loaded
[    2.933292] VFS: Disk quotas dquot_6.6.0
[    2.935167] VFS: Dquot-cache hash table entries: 512 (order 0, 4096 bytes)
[    2.938510] squashfs: version 4.0 (2009/01/31) Phillip Lougher
[    2.941735] fuse init (API version 7.23)
[    2.943955] Key type big_key registered
[    2.946186] Allocating IMA MOK and blacklist keyrings.
[    2.951929] Key type asymmetric registered
[    2.956130] Asymmetric key parser 'x509' registered
[    2.958842] Block layer SCSI generic (bsg) driver version 0.4 loaded (major 249)
[    2.970073] io scheduler noop registered
[    2.972113] io scheduler deadline registered (default)
[    2.974406] io scheduler cfq registered
[    2.976345] pci_hotplug: PCI Hot Plug PCI Core version: 0.5
[    2.979659] pciehp: PCI Express Hot Plug Controller Driver version: 0.4
[    2.991762] ACPI: AC Adapter [AC] (on-line)
[    2.994852] input: Power Button as /devices/LNXSYSTM:00/LNXPWRBN:00/input/input0
[    2.998904] ACPI: Power Button [PWRF]
[    3.001093] input: Sleep Button as /devices/LNXSYSTM:00/LNXSLPBN:00/input/input1
[    3.004896] ACPI: Sleep Button [SLPF]
[    3.008625] ACPI: Battery Slot [BAT0] (battery present)
[    3.010913] GHES: HEST is not enabled!
[    3.012928] Serial: 8250/16550 driver, 32 ports, IRQ sharing enabled
[    3.046166] 00:02: ttyS0 at I/O 0x3f8 (irq = 4, base_baud = 115200) is a 16550A
[    3.053456] Linux agpgart interface v0.103
[    3.058686] loop: module loaded
[    3.063895] scsi host0: ata_piix
[    3.066535] scsi host1: ata_piix
[    3.068654] ata1: PATA max UDMA/33 cmd 0x1f0 ctl 0x3f6 bmdma 0xd000 irq 14
[    3.072357] ata2: PATA max UDMA/33 cmd 0x170 ctl 0x376 bmdma 0xd008 irq 15
[    3.083279] libphy: Fixed MDIO Bus: probed
[    3.085125] tun: Universal TUN/TAP device driver, 1.6
[    3.087377] tun: (C) 1999-2004 Max Krasnyansky <maxk@qualcomm.com>
[    3.090465] PPP generic driver version 2.4.2
[    3.093440] ehci_hcd: USB 2.0 'Enhanced' Host Controller (EHCI) Driver
[    3.096560] ehci-pci: EHCI PCI platform driver
[    3.103359] ehci-platform: EHCI generic platform driver
[    3.106429] ohci_hcd: USB 1.1 'Open' Host Controller (OHCI) Driver
[    3.110208] ohci-pci: OHCI PCI platform driver
[    3.115286] ohci-platform: OHCI generic platform driver
[    3.118556] uhci_hcd: USB Universal Host Controller Interface driver
[    3.123427] i8042: PNP: PS/2 Controller [PNP0303:PS2K,PNP0f03:PS2M] at 0x60,0x64 irq 1,12
[    3.129888] serio: i8042 KBD port at 0x60,0x64 irq 1
[    3.133256] serio: i8042 AUX port at 0x60,0x64 irq 12
[    3.136787] mousedev: PS/2 mouse device common for all mice
[    3.141828] input: AT Translated Set 2 keyboard as /devices/platform/i8042/serio0/input/input2
[    3.146290] rtc_cmos rtc_cmos: rtc core: registered rtc_cmos as rtc0
[    3.148991] rtc_cmos rtc_cmos: alarms up to one day, 114 bytes nvram
[    3.151915] i2c /dev entries driver
[    3.153910] device-mapper: uevent: version 1.0.3
[    3.160848] device-mapper: ioctl: 4.34.0-ioctl (2015-10-28) initialised: dm-devel@redhat.com
[    3.181427] ledtrig-cpu: registered to indicate activity on CPUs
[    3.185701] NET: Registered protocol family 10
[    3.188563] NET: Registered protocol family 17
[    3.193123] Key type dns_resolver registered
[    3.196359] registered taskstats version 1
[    3.198678] Loading compiled-in X.509 certificates
[    3.202626] Loaded X.509 cert 'Build time autogenerated kernel key: 2bd7eec8ea2fedbeeda78e0b663eb647cf617c40'
[    3.206803] zswap: loaded using pool lzo/zbud
[    3.212774] Key type trusted registered
[    3.221601] Key type encrypted registered
[    3.225059] AppArmor: AppArmor sha1 policy hashing enabled
[    3.228330] ima: No TPM chip found, activating TPM-bypass!
[    3.231585] ima: Allocated hash algorithm: sha1
[    3.233652] evm: HMAC attrs: 0x1
[    3.235884]   Magic number: 3:734:86
[    3.238110] rtc_cmos rtc_cmos: setting system clock to 2019-01-06 17:03:23 UTC (1546794203)
[    3.242918] BIOS EDD facility v0.16 2004-Jun-25, 0 devices found
[    3.246015] EDD information not available.
[    3.255531] Freeing unused kernel memory: 1528K
[    3.269510] Write protecting the kernel read-only data: 14336k
[    3.377894] Freeing unused kernel memory: 1676K
[    3.382151] Freeing unused kernel memory: 92K
Loading, please wait...
starting version 229
[    3.416424] random: systemd-udevd: uninitialized urandom read (16 bytes read, 5 bits of entropy available)
[    3.417992] random: udevadm: uninitialized urandom read (16 bytes read, 5 bits of entropy available)
[    3.418032] random: udevadm: uninitialized urandom read (16 bytes read, 5 bits of entropy available)
[    3.443561] random: udevadm: uninitialized urandom read (16 bytes read, 5 bits of entropy available)
[    3.443671] random: udevadm: uninitialized urandom read (16 bytes read, 5 bits of entropy available)
[    3.444117] random: udevadm: uninitialized urandom read (16 bytes read, 5 bits of entropy available)
[    3.444268] random: udevadm: uninitialized urandom read (16 bytes read, 5 bits of entropy available)
[    3.444405] random: udevadm: uninitialized urandom read (16 bytes read, 5 bits of entropy available)
[    3.444542] random: udevadm: uninitialized urandom read (16 bytes read, 5 bits of entropy available)
[    3.444742] random: udevadm: uninitialized urandom read (16 bytes read, 5 bits of entropy available)
[    3.610776] e1000: Intel(R) PRO/1000 Network Driver - version 7.3.21-k8-NAPI
[    3.626283] e1000: Copyright (c) 1999-2006 Intel Corporation.
[    3.633707] Fusion MPT base driver 3.04.20
[    3.636246] Copyright (c) 1999-2008 LSI Corporation
[    3.676925] AVX2 version of gcm_enc/dec engaged.
[    3.679652] AES CTR mode by8 optimization enabled
[    3.716646] Fusion MPT SPI Host driver 3.04.20
[    3.873742] input: ImExPS/2 Generic Explorer Mouse as /devices/platform/i8042/serio1/input/input4
[    3.904987] tsc: Refined TSC clocksource calibration: 2394.233 MHz
[    3.916846] clocksource: tsc: mask: 0xffffffffffffffff max_cycles: 0x2282efab538, max_idle_ns: 440795323109 ns
[    4.231482] e1000 0000:00:03.0 eth0: (PCI:33MHz:32-bit) 02:00:84:9a:cf:24
[    4.236227] e1000 0000:00:03.0 eth0: Intel(R) PRO/1000 Network Connection
[    4.248952] mptbase: ioc0: Initiating bringup
[    4.249832] e1000 0000:00:03.0 enp0s3: renamed from eth0
[    4.317766] ioc0: LSI53C1030 A0: Capabilities={Initiator}
[    4.484014] scsi host2: ioc0: LSI53C1030 A0, FwRev=00000000h, Ports=1, MaxQ=256, IRQ=20
[    4.601926] scsi 2:0:0:0: Direct-Access     VBOX     HARDDISK         1.0  PQ: 0 ANSI: 5
[    4.612299] scsi target2:0:0: Beginning Domain Validation
[    4.618898] scsi target2:0:0: Domain Validation skipping write tests
[    4.628834] scsi target2:0:0: Ending Domain Validation
[    4.631965] scsi target2:0:0: asynchronous
[    4.675331] scsi 2:0:1:0: Direct-Access     VBOX     HARDDISK         1.0  PQ: 0 ANSI: 5
[    4.679947] scsi target2:0:1: Beginning Domain Validation
[    4.687683] scsi target2:0:1: Domain Validation skipping write tests
[    4.694183] scsi target2:0:1: Ending Domain Validation
[    4.698318] scsi target2:0:1: asynchronous
[    4.713740] sd 2:0:0:0: [sda] 20971520 512-byte logical blocks: (10.7 GB/10.0 GiB)
[    4.713792] sd 2:0:0:0: Attached scsi generic sg0 type 0
[    4.714720] sd 2:0:1:0: Attached scsi generic sg1 type 0
[    4.734901] sd 2:0:1:0: [sdb] 20480 512-byte logical blocks: (10.5 MB/10.0 MiB)
[    4.735178] sd 2:0:0:0: [sda] Write Protect is off
[    4.735367] sd 2:0:0:0: [sda] Incomplete mode parameter data
[    4.735372] sd 2:0:0:0: [sda] Assuming drive cache: write through
[    4.765200] sd 2:0:1:0: [sdb] Write Protect is off
[    4.768406] sd 2:0:1:0: [sdb] Incomplete mode parameter data
[    4.778282] sd 2:0:1:0: [sdb] Assuming drive cache: write through
[    4.792430]  sda: sda1
[    4.795651] sd 2:0:0:0: [sda] Attached SCSI disk
[    4.818074] sd 2:0:1:0: [sdb] Attached SCSI disk
Begin: Loading essential drivers ... [    7.045745] md: linear personality registered for level -1
[    7.053685] md: multipath personality registered for level -4
[    7.062297] md: raid0 personality registered for level 0
[    7.073134] md: raid1 personality registered for level 1
[    7.148763] raid6: sse2x1   gen()  2028 MB/s
[    7.217096] raid6: sse2x1   xor()  1308 MB/s
[    7.285459] raid6: sse2x2   gen()  3418 MB/s
[    7.364709] raid6: sse2x2   xor()  1774 MB/s
[    7.436897] raid6: sse2x4   gen()  4485 MB/s
[    7.508696] raid6: sse2x4   xor()  2908 MB/s
[    7.577376] raid6: avx2x1   gen()  4297 MB/s
[    7.653540] raid6: avx2x2   gen()  7406 MB/s
[    7.720753] raid6: avx2x4   gen() 10128 MB/s
[    7.723328] raid6: using algorithm avx2x4 gen() 10128 MB/s
[    7.726322] raid6: using avx2x2 recovery algorithm
[    7.732994] xor: automatically using best checksumming function:
[    7.773127]    avx       : 15099.000 MB/sec
[    7.777094] async_tx: api initialized (async)
[    7.793263] md: raid6 personality registered for level 6
[    7.796081] md: raid5 personality registered for level 5
[    7.799035] md: raid4 personality registered for level 4
[    7.814365] md: raid10 personality registered for level 10
done.
Begin: Running /scripts/init-premount ... done.
Begin: Mounting root file system ... Begin: Running /scripts/local-top ... done.
Begin: Running /scripts/local-premount ... [    7.894667] Btrfs loaded
Scanning for Btrfs filesystems
done.
Warning: fsck not present, so skipping root file system
[    8.075814] EXT4-fs (sda1): mounted filesystem with ordered data mode. Opts: (null)
done.
Begin: Running /scripts/local-bottom ... done.
Begin: Running /scripts/init-bottom ... done.
[    8.792740] random: nonblocking pool is initialized
[    9.023471] systemd[1]: systemd 229 running in system mode. (+PAM +AUDIT +SELINUX +IMA +APPARMOR +SMACK +SYSVINIT +UTMP +LIBCRYPTSETUP +GCRYPT +GNUTLS +ACL +XZ -LZ4 +SECCOMP +BLKID +ELFUTILS +KMOD -IDN)
[    9.036804] systemd[1]: Detected virtualization oracle.
[    9.039738] systemd[1]: Detected architecture x86-64.

Welcome to [1mUbuntu 16.04.5 LTS[0m!

[    9.102395] systemd[1]: Set hostname to <ubuntu>.
[    9.153435] systemd[1]: Initializing machine ID from random generator.
[    9.157227] systemd[1]: Installed transient /etc/machine-id file.
[   10.480224] systemd[1]: Created slice System Slice.
[[0;32m  OK  [0m] Created slice System Slice.
[   10.491526] systemd[1]: Started Forward Password Requests to Wall Directory Watch.
[[0;32m  OK  [0m] Started Forward Password Requests to Wall Directory Watch.
[   10.522662] systemd[1]: Listening on Journal Socket (/dev/log).
[[0;32m  OK  [0m] Listening on Journal Socket (/dev/log).
[   10.562069] systemd[1]: Listening on Journal Socket.
[[0;32m  OK  [0m] Listening on Journal Socket.
[   10.567798] systemd[1]: Listening on udev Kernel Socket.
[[0;32m  OK  [0m] Listening on udev Kernel Socket.
[   10.597005] systemd[1]: Starting Set console keymap...
         Starting Set console keymap...
[   10.609765] systemd[1]: Listening on Device-mapper event daemon FIFOs.
[[0;32m  OK  [0m] Listening on Device-mapper event daemon FIFOs.
[   10.621088] systemd[1]: Mounting Huge Pages File System...
         Mounting Huge Pages File System...
[   10.673130] systemd[1]: Starting Remount Root and Kernel File Systems...
         Starting Remount Root and Kernel File Systems...
[   10.684661] systemd[1]: Listening on Journal Audit Socket.
[[0;32m  OK  [0m] Listening on Journal Audit S[   10.717710] EXT4-fs (sda1): re-mounted. Opts: (null)
ocket.
[   10.733920] systemd[1]: Set up automount Arbitrary Executable File Formats File System Automount Point.
[[0;32m  OK  [0m] Set up automount Arbitrary Executab...ats File System Automount Point.
[   10.805778] systemd[1]: Mounting POSIX Message Queue File System...
         Mounting POSIX Message Queue File System...
[   10.937946] systemd[1]: Starting Load Kernel Modules...
         Starting Load Kernel Modules...
[   10.972181] systemd[1]: Listening on /dev/initctl Compatibility Named Pipe.
[[0;32m  OK  [0m] Listening on /dev/initctl Compatibility Named Pipe.
[   10.977720] systemd[1]: Listening on LVM2 metadata daemon socket.
[[0;32m  OK  [0m] Listening on LVM2 metadata daemon socket.
[   10.998208] systemd[1]: Starting Monitoring of LVM2 mirrors, snapshots etc. using dmeventd or progress polling...
         Starting Monitoring of LVM2 mirrors... dmeventd or prog[   11.022384] Loading iSCSI transport class v2.0-870.
ress polling...
[   11.045538] systemd[1]: Started Trigger resolvconf update for networkd DNS.
[[0;32m  OK  [0m] Started Trigger resolvconf update for networkd DNS.
[   11.084225] systemd[1]: Listening on Syslog Socket.
[[0;32m  OK  [0m] Listening on Syslog Socket.
[   11.117372] systemd[1]: Starting Journal Service...
         Starting Journal Service...
[   11.124486] systemd[1]: Starting Uncomplicated firewall...
         Starting Uncomplicated firewall...
[   11.136075] systemd[1]: Reached target Encrypted Volumes.
[[0;32m  OK  [0m] Reached targ[   11.162238] iscsi: registered transport (tcp)
et Encrypted Volumes.
[   11.176274] systemd[1]: Reached target System Time Synchronized.
[[0;32m  OK  [0m] Reached target System Time Synchronized.
[   11.220870] systemd[1]: Mounting Debug File System...
         Mounting Debug File System...
[   11.244437] systemd[1]: Starting Nameserver information manager...
         Starting Nameserver information manager...
[   11.277605] systemd[1]: Listening on udev Control Socket.
[[0;32m  OK  [0m] Listening on udev Control Socket.
[   11.316199] systemd[1]: Reached target Swap.
[[0;32m  OK  [0m] Reached target Swap.
[   11.331907] systemd[1]: Created slice User and Session Slice.
[[0;32m  OK  [0m] Created slice User and Session Slice.
[   11.377041] systemd[1]: Starting Create list of required static device nodes for the current kernel...
         Starting Create list of required st... nodes for the current kernel...
[   11.395275] systemd[1]: Created slice system-serial\x2dgetty.slice.
[[0;32m  OK  [0m] Created slice system-serial\x2dgetty.slice.
[   11.406924] systemd[1]: Reached target Slices.
[[0;32m  OK  [0m] Reached target Slices.
[   11.417709] systemd[1]: Reached target User and Group Name Lookups.
[[0;32m  OK  [0m] Reached target User and Group Name Lookups.
[   11.461766] systemd[1]: Listening on LVM2 poll daemon socket.
[[0;32m  OK  [0m] Listening on LVM2 poll daemon socket.
[   11.534570] systemd[1]: Mounted POSIX Message Queue File System.
[[0;32m  OK  [0m] Mounted POSIX Message Queue File System.
[   11.569978] systemd[1]: Mounted Huge Pages File System.
[[0;32m  OK  [0m] Mounted Huge Pages File System.
[   11.577296] iscsi: registered transport (iser)
[   11.577336] systemd[1]: Mounted Debug File System.
[[0;32m  OK  [0m] Mounted Debug File System.
[   11.586844] systemd[1]: Started Journal Service.
[[0;32m  OK  [0m] Started Journal Service.
[[0;32m  OK  [0m] Started Set console keymap.
[[0;32m  OK  [0m] Started Remount Root and Kernel File Systems.
[[0;32m  OK  [0m] Started Load Kernel Modules.
[[0;32m  OK  [0m] Started Uncomplicated firewall.
[[0;32m  OK  [0m] Started Create list of required sta...ce nodes for the current kernel.
[[0;32m  OK  [0m] Started Nameserver information manager.
[[0;32m  OK  [0m] Started LVM2 metadata daemon.
         Starting Create Static Device Nodes in /dev...
         Starting Apply Kernel Variables...
         Mounting FUSE Control File System...
         Starting udev Coldplug all Devices...
         Starting Load/Save Random Seed...
         Starting Flush Journal to Persistent Storage...
[[0;32m  OK  [0m] Mounted FUSE Control File System.
[   12.178717] systemd-journald[387]: Received request to flush runtime journal from PID 1
[[0;32m  OK  [0m] Started Monitoring of LVM2 mirrors,...ng dmeventd or progress polling.
[[0;32m  OK  [0m] Started Apply Kernel Variables.
[[0;32m  OK  [0m] Started Load/Save Random Seed.
[[0;32m  OK  [0m] Started Flush Journal to Persistent Storage.
[[0;32m  OK  [0m] Started Create Static Device Nodes in /dev.
[[0;32m  OK  [0m] Started udev Coldplug all Devices.
         Starting udev Kernel Device Manager...
[[0;32m  OK  [0m] Started udev Kernel Device Manager.
[[0;32m  OK  [0m] Reached target Local File Systems (Pre).
[[0;32m  OK  [0m] Reached target Local File Systems.
         Starting LSB: AppArmor initialization...
         Starting Set console font and keymap...
         Starting Tell Plymouth To Write Out Runtime Data...
         Starting Initial cloud-init job (pre-networking)...
         Starting Create Volatile Files and Directories...
         Starting Commit a transient machine-id on disk...
[[0;32m  OK  [0m] Started Dispatch Password Requests to Console Directory Watch.
[[0;32m  OK  [0m] Started Tell Plymouth To Write Out Runtime Data.
[[0;32m  OK  [0m] Started Commit a transient machine-id on disk.
[[0;32m  OK  [0m] Found device /dev/ttyS0.
[[0;32m  OK  [0m] Started Create Volatile Files and Directories.
         Starting Update UTMP about System Boot/Shutdown...
[[0;32m  OK  [0m] Started Update UTMP about System Boot/Shutdown.
[[0;32m  OK  [0m] Listening on Load/Save RF Kill Switch Status /dev/rfkill Watch.
[[0;32m  OK  [0m] Started Set console font and keymap.
[[0;32m  OK  [0m] Created slice system-getty.slice.
[[0;32m  OK  [0m] Started LSB: AppArmor initialization.
[   20.011154] cloud-init[485]: Cloud-init v. 18.3-9-g2e62cb8a-0ubuntu1~16.04.2 running 'init-local' at Sun, 06 Jan 2019 17:03:40 +0000. Up 18.90 seconds.
[[0;32m  OK  [0m] Started Initial cloud-init job (pre-networking).
[[0;32m  OK  [0m] Reached target Network (Pre).
         Starting Raise network interfaces...
[[0;32m  OK  [0m] Started Raise network interfaces.
[[0;32m  OK  [0m] Reached target Network.
         Starting Initial cloud-init job (metadata service crawler)...
[   24.289224] cloud-init[928]: Cloud-init v. 18.3-9-g2e62cb8a-0ubuntu1~16.04.2 running 'init' at Sun, 06 Jan 2019 17:03:43 +0000. Up 21.70 seconds.
[   24.343811] cloud-init[928]: ci-info: ++++++++++++++++++++++++++++++++++++Net device info+++++++++++++++++++++++++++++++++++++
[   24.379955] [[0;32m  OK  [0m] Started Initial cloud-init job (metadata service crawler).
cloud-init[928]: ci-info: +--------+------+-------------------------+---------------+--------+-------------------+
[   24.405688] [[0;32m  OK  [0m] Reached target System Initialization.
         Starting Socket activation for snappy daemon.
[[0;32m  OK  [0m] Listening on UUID daemon activation socket.
cloud-init[928]: ci-info: | Device |  Up  |         Address         |      Mask     | Scope  |     Hw-Address    |
[   24.450460] [[0;32m  OK  [0m] Started ACPI Events Check.
cloud-init[928]: ci-info: +--------+------+-------------------------+---------------+--------+-------------------+
[[0;32m  OK  [0m] Reached target Paths.
[   24.452880] cloud-init[928]: ci-info: | enp0s3 | True |        10.0.2.15        | 255.255.255.0 | global | 02:00:84:9a:cf:24 |
[   24.517312] cloud-init[928]: ci-info: | enp0s3 | True | fe80::84ff:fe9a:cf24/64 |       .       |  link  | 02:00:84:9a:cf:24 |
[   24.542478] cloud-init[928]: ci-info: |   lo   | True |        127.0.0.1        |   255.0.0.0   |  host  |         .         |
[   24.609068] cloud-init[928]: ci-info: |   lo   | True |         ::1/128         |       .       |  host  |         .         |
         Starting LXD - unix socket.
[[0;32m  OK  [0m] Started Daily Cleanup of Temporary Directories.
[   24.622714] cloud-init[928]: ci-info: +--------+------+-------------------------+---------------+--------+-------------------+
[   24.664624] cloud-init[928]: ci-info: +++++++++++++++++++++++++++Route IPv4 info++++++++++++++++++++++++++++
[[0;32m  OK  [0m] Started Daily apt download activities.
[[0;32m  OK  [0m] Started Daily apt upgrade and clean activities.
[   24.725884] cloud-init[928]: ci-info: +-------+-------------+----------+---------------+-----------+-------+
[   24.819047] cloud-init[928]: ci-info: | Route | Destination | Gateway  |    Genmask    | Interface | Flags |
[[0;32m  OK  [0m] Listening on D-Bus System Message Bus Socket.
[[0;32m  OK  [0m] Listening on ACPID Listen Socket.
[   24.893541] cloud-init[928]: ci-info: +-------+-------------+----------+---------------+-----------+-------+
[[0;32m  OK  [0m] Reached target Timers.[   24.936773] cloud-init[928]: ci-info: |   0   |   0.0.0.0   | 10.0.2.2 |    0.0.0.0    |   enp0s3  |   UG  |
[   24.937497] cloud-init[928]: ci-info: |   1   |   10.0.2.0  | 0.0.0.0  | 255.255.255.0 |   enp0s3  |   U   |
[   24.937636] cloud-init[928]: ci-info: +-------+-------------+----------+---------------+-----------+-------+
[   24.937754] cloud-init[928]: ci-info: +++++++++++++++++++Route IPv6 info+++++++++++++++++++
[   24.937873] cloud-init[928]: ci-info: +-------+-------------+---------+-----------+-------+
[   24.938002] cloud-init[928]: ci-info: | Route | Destination | Gateway | Interface | Flags |
[   24.938116] cloud-init[928]: ci-info: +-------+-------------+---------+-----------+-------+
[   24.938291] cloud-init[928]: ci-info: |   0   |  fe80::/64  |    ::   |   enp0s3  |   U   |
[   24.938415] cloud-init[928]: ci-info: |   3   |   ff00::/8  |    ::   |   enp0s3  |   U   |
[   24.938529] cloud-init[928]: ci-info: +-------+-------------+---------+-----------+-------+
[   24.938691] cloud-init[928]: Generating public/private rsa key pair.
[   24.938927] cloud-init[928]: Your identification has been saved in /etc/ssh/ssh_host_rsa_key.
[   24.939044] cloud-init[928]: Your public key has been saved in /etc/ssh/ssh_host_rsa_key.pub.
[   24.939159] cloud-init[928]: The key fingerprint is:
[   24.939755] cloud-init[928]: SHA256:NdEZ02s+fmaN4fzwcp7wkXHCvM/XpsCpFHQRPV0LeSM root@ubuntu-xenial
[   24.939879] cloud-init[928]: The key's randomart image is:
[   24.939994] cloud-init[928]: +---[RSA 2048]----+
[   24.940117] cloud-init[928]: |          ..=B..o|

[   24.940466] cloud-init[928]: |           .oE=oo|
[[0;32m  OK  [0m] Reached target Cloud-config availability.
[   25.223863] cloud-init[928]: |          + . o+.|
[   25.290844] cloud-init[928]: |         o o oo  |
[[0;32m  OK  [0m] Reached target Network is Online.
[   25.298062] cloud-init[928]: |        S .  o+..|
[   25.323274] cloud-init[928]: |           o .+o+|
         Starting iSCSI initiator daemon (iscsid)...
[   25.345939] cloud-init[928]: |          . +=o*o|
[   25.358748] cloud-init[928]: |         . . .O=%|
[   25.393123] cloud-init[928]: |          .   .&B|
[[0;32m  OK  [0m] Listening on Socket activation for snappy daemon.
[[0;32m  OK  [0m] Listening on LXD - unix socket.
[   25.395471] cloud-init[928]: +----[SHA256]-----+
[   25.408402] cloud-init[928]: Generating public/private dsa key pair.
[[0;32m  OK  [0m] Reached target Sockets.
[[0;32m  OK  [0m] Reached target Basic System.
[   25.430112] cloud-init[928]: Your identification has been saved in /etc/ssh/ssh_host_dsa_key.
[   25.498285] cloud-init[928]: Your public key has been saved in /etc/ssh/ssh_host_dsa_key.pub.
[   25.508297] cloud-init[928]: The key fingerprint is:
[   25.512202] [[0;32m  OK  [0m] Started Regular background program processing daemon.
         Starting Login Service...
cloud-init[928]: SHA256:AXorABxz1hzfvDN04jYoUJnl3sb1Kiq+c8lE6jVo/vA root@ubuntu-xenial
[[0;32m  OK  [0m] Started D-Bus System Message Bus.
[   25.517069] cloud-init[928]: The key's randomart image is:
[   25.570189] cloud-init[928]: +---[DSA 1024]----+
[   25.573555] cloud-init[928]: |oo.ooo*.         |
[   25.592866] cloud-init[928]: | o+ .*o.o        |
[   25.604574] cloud-init[928]: |  ... .o.= o     |
[   25.608545] cloud-init[928]: |   ....o*.= .    |
[   25.612125] cloud-init[928]: |    ..=oS@   .   |
[   25.616563] cloud-init[928]: |     =.+o + .    |
[   25.620936] cloud-init[928]: |    +.+ o. .     |
[   25.623974] cloud-init[928]: |     =o+. .      |
[   25.626730] cloud-init[928]: |    .o*E         |
[   25.629676] cloud-init[928]: +----[SHA256]-----+
[   25.641896] cloud-init[928]: Generating public/private ecdsa key pair.
[   25.646564] cloud-init[928]: Your identification has been saved in /etc/ssh/ssh_host_ecdsa_key.
[   25.655036] cloud-init[928]: Your public key has been saved in /etc/ssh/ssh_host_ecdsa_key.pub.
[   25.662808] cloud-init[928]: The key fingerprint is:
[   25.667939] cloud-init[928]: SHA256:2dsx0g9xf9FjkB13kuwJTF9k7j/4rVw8Pcok0idL2U4 root@ubuntu-xenial
[   25.673902] cloud-init[928]: The key's randomart image is:
[   25.680480] cloud-init[928]: +---[ECDSA 256]---+
[   25.683727] cloud-init[928]: |           o.o++B|
[   25.688301] cloud-init[928]: |            oo+*+|
[   25.696407] cloud-init[928]: |            .oo=o|
[   25.699390] cloud-init[928]: |         o . o+oo|
[   25.702947] cloud-init[928]: |        S o =   +|
[   25.706713] cloud-init[928]: |          .+o=..+|
[   25.718593] cloud-init[928]: |         ..*.E.+=|
[   25.723410] cloud-init[928]: |          o X.o.=|
[   25.735529] cloud-init[928]: |           . +oo.|
[   25.738725] cloud-init[928]: +----[SHA256]-----+
[   25.743097] cloud-init[928]: Generating public/private ed25519 key pair.
[   25.746671] cloud-init[928]: Your identification has been saved in /etc/ssh/ssh_host_ed25519_key.
[   25.751048] cloud-init[928]: Your public key has been saved in /etc/ssh/ssh_host_ed25519_key.pub.
[   25.755617] cloud-init[928]: The key fingerprint is:
[   25.758762] cloud-init[928]: SHA256:1DLnFsmygLBoXJ/2myoAmtHrNSEq8HtrIEW/Hs3j5W4 root@ubuntu-xenial
[   25.763471] cloud-init[928]: The key's randomart image is:
[   25.766731] cloud-init[928]: +--[ED25519 256]--+
[   25.769812] cloud-init[928]: |  ..             |
[   25.773136] cloud-init[928]: |..oo...  o .     |
[   25.776111] cloud-init[928]: |.=...+. = *      |
[   25.779279] cloud-init[928]: |= + + .o B .     |
[   25.782913] cloud-init[928]: |+* o = .S o      |
[   25.789622] cloud-init[928]: |*.+ = + +.       |
[   25.795080] cloud-init[928]: |.o.= + *         |
[   25.799473] cloud-init[928]: |  o.+ o E        |
[   25.803726] cloud-init[928]: |   ooo o.        |
[   25.808087] cloud-init[928]: +----[SHA256]-----+
         Starting Virtualbox guest utils...
         Starting Pollinate to seed the pseudo random number generator...
         Starting System Logging Service...
[[0;32m  OK  [0m] Started FUSE filesystem for LXC.
         Starting LXD - container startup/shutdown...
[[0;32m  OK  [0m] Started Deferred execution scheduler.
         Starting LSB: Record successful boot for GRUB...
         Starting /etc/rc.local Compatibility...
[[0;32m  OK  [0m] Started ACPI event daemon.
[[0;32m  OK  [0m] Started Unattended Upgrades Shutdown.
         Starting LSB: MD monitoring daemon...
         Starting Accounts Service...
         Starting Snappy daemon...
[[0;32m  OK  [0m] Started /etc/rc.local Compatibility.
[[0;32m  OK  [0m] Started Login Service.
[[0;32m  OK  [0m] Started System Logging Service.
[[0;32m  OK  [0m] Started LSB: Record successful boot for GRUB.
[[0;32m  OK  [0m] Started iSCSI initiator daemon (iscsid).
         Starting Login to default iSCSI targets...
[[0;32m  OK  [0m] Started LSB: MD monitoring daemon.
[[0;32m  OK  [0m] Started Login to default iSCSI targets.
[[0;32m  OK  [0m] Reached target Remote File Systems (Pre).
[[0;32m  OK  [0m] Reached target Remote File Systems.
         Starting LSB: automatic crash report generation...
         Starting LSB: daemon to balance interrupts for SMP systems...
         Starting LSB: Set the CPU Frequency Scaling governor to "ondemand"...
         Starting Permit User Sessions...
[[0;32m  OK  [0m] Started Virtualbox guest utils.
[[0;32m  OK  [0m] Started Permit User Sessions.
         Starting Terminate Plymouth Boot Screen...
         Starting Hold until boot process finishes up...
[[0;32m  OK  [0m] Started LSB: automatic crash report generation.
[[0;32m  OK  [0m] Started LSB: daemon to balance interrupts for SMP systems.
[[0;32m  OK  [0m] Started LSB: Set the CPU Frequency Scaling governor to "ondemand".
[[0;32m  OK  [0m] Started Terminate Plymouth Boot Screen.
[[0;32m  OK  [0m] Started Hold until boot process finishes up.
[[0;32m  OK  [0m] Started Serial Getty on ttyS0.
[[0;32m  OK  [0m] Started Getty on tty1.
[[0;32m  OK  [0m] Reached target Login Prompts.
         Starting Set console scheme...
[[0;32m  OK  [0m] Started Set console scheme.
         Starting Authenticate and Authorize Users to Run Privileged Tasks...
[[0;32m  OK  [0m] Started Authenticate and Authorize Users to Run Privileged Tasks.
[[0;32m  OK  [0m] Started Accounts Service.
[[0;32m  OK  [0m] Started Pollinate to seed the pseudo random number generator.
         Starting OpenBSD Secure Shell server...
[[0;32m  OK  [0m] Started OpenBSD Secure Shell server.
[[0;32m  OK  [0m] Started LXD - container startup/shutdown.
[[0;32m  OK  [0m] Started Snappy daemon.
         Starting Wait until snapd is fully seeded...
[[0;32m  OK  [0m] Created slice User Slice of vagrant.
         Starting User Manager for UID 1000...
[[0;32m  OK  [0m] Started Session 1 of user vagrant.
[[0;32m  OK  [0m] Started User Manager for UID 1000.

Ubuntu 16.04.5 LTS ubuntu-xenial ttyS0

ubuntu-xenial login: [   37.352339] cloud-init[1357]: Generating locales (this might take a while)...
[   41.786759] cloud-init[1357]:   en_US.UTF-8... done
[   41.789426] cloud-init[1357]: Generation complete.
[   44.047004] cloud-init[1357]: Cloud-init v. 18.3-9-g2e62cb8a-0ubuntu1~16.04.2 running 'modules:config' at Sun, 06 Jan 2019 17:03:58 +0000. Up 36.70 seconds.
ci-info: no authorized ssh keys fingerprints found for user ubuntu.
<14>Jan  6 17:04:07 ec2: 
<14>Jan  6 17:04:07 ec2: #############################################################
<14>Jan  6 17:04:07 ec2: -----BEGIN SSH HOST KEY FINGERPRINTS-----
<14>Jan  6 17:04:07 ec2: 1024 SHA256:AXorABxz1hzfvDN04jYoUJnl3sb1Kiq+c8lE6jVo/vA root@ubuntu-xenial (DSA)
<14>Jan  6 17:04:07 ec2: 256 SHA256:2dsx0g9xf9FjkB13kuwJTF9k7j/4rVw8Pcok0idL2U4 root@ubuntu-xenial (ECDSA)
<14>Jan  6 17:04:07 ec2: 256 SHA256:1DLnFsmygLBoXJ/2myoAmtHrNSEq8HtrIEW/Hs3j5W4 root@ubuntu-xenial (ED25519)
<14>Jan  6 17:04:07 ec2: 2048 SHA256:NdEZ02s+fmaN4fzwcp7wkXHCvM/XpsCpFHQRPV0LeSM root@ubuntu-xenial (RSA)
<14>Jan  6 17:04:07 ec2: -----END SSH HOST KEY FINGERPRINTS-----
<14>Jan  6 17:04:07 ec2: #############################################################
-----BEGIN SSH HOST KEY KEYS-----
ecdsa-sha2-nistp256 AAAAE2VjZHNhLXNoYTItbmlzdHAyNTYAAAAIbmlzdHAyNTYAAABBBEHn/Ds8S+m9pHgc1gSNfqEeyyXs1WDIH/LHe+Kg2sjbCoBTzeibhdj9pJJWkPvDcVSTevradR1JQ8J2XXYbptU= root@ubuntu-xenial
ssh-ed25519 AAAAC3NzaC1lZDI1NTE5AAAAIFTJNMDTnC1gbUFObuF3j4IDEkVsD3YRFtQ/DcBmNMQh root@ubuntu-xenial
ssh-rsa AAAAB3NzaC1yc2EAAAADAQABAAABAQCzTv8BmmopNXiIV4cN7lmTMF48KdP/QqH8VQf1ZSQUCanHIiHmLojjBGs6iCUsXwD5ffKhJwDpMpAG1Z4Ojj6LIl3ujiDfG7bSHI1qkC5Q1MJvXWnEScFrPbFgdHKxtnTZABCmb0KkMFTzUgA1HjfMVjgffOX+hqc71aejNMcB1f5Ostu7GOWzf8+6j9CDUxWlJInXsoy+uigi8Twa52sksDXFv1RlxY0rBU067vy/6I8MEIRLnraYaOUmBVmFS6OjS+43vnj8XWEyyaoDCgp+Uv3t/DVYiAkY5DbLdkZ7NMHZWAPAGTD054NpwkAjTmH5Q7ZNkHOeUXjNHYiAa8G/ root@ubuntu-xenial
-----END SSH HOST KEY KEYS-----
[   45.725964] cloud-init[1528]: Cloud-init v. 18.3-9-g2e62cb8a-0ubuntu1~16.04.2 running 'modules:final' at Sun, 06 Jan 2019 17:04:06 +0000. Up 45.04 seconds.
[   45.726350] cloud-init[1528]: ci-info: no authorized ssh keys fingerprints found for user ubuntu.
[   45.726657] cloud-init[1528]: Cloud-init v. 18.3-9-g2e62cb8a-0ubuntu1~16.04.2 finished at Sun, 06 Jan 2019 17:04:07 +0000. Datasource DataSourceNoCloud [seed=/dev/sdb][dsmode=net].  Up 45.70 seconds
